d:\users\mirawelner\qtvi\qtvi-refactor\2_noise_marking_gui\noise_ma.7588209c\x64\debug\noise_marking_gui.pch
d:\users\mirawelner\qtvi\qtvi-refactor\2_noise_marking_gui\noise_ma.7588209c\x64\debug\vc145.pdb
d:\users\mirawelner\qtvi\qtvi-refactor\2_noise_marking_gui\noise_ma.7588209c\x64\debug\vc145.idb
d:\users\mirawelner\qtvi\qtvi-refactor\2_noise_marking_gui\noise_ma.7588209c\x64\debug\stdafx.obj
d:\users\mirawelner\qtvi\qtvi-refactor\2_noise_marking_gui\noise_ma.7588209c\x64\debug\anneal_handler.obj
d:\users\mirawelner\qtvi\qtvi-refactor\2_noise_marking_gui\noise_ma.7588209c\x64\debug\file_to_bin.obj
d:\users\mirawelner\qtvi\qtvi-refactor\2_noise_marking_gui\noise_ma.7588209c\x64\debug\noise_marking_gui.obj
d:\users\mirawelner\qtvi\qtvi-refactor\2_noise_marking_gui\noise_ma.7588209c\x64\debug\noise_marking_guiplugin.obj
d:\users\mirawelner\qtvi\qtvi-refactor\2_noise_marking_gui\noise_ma.7588209c\x64\debug\bin_handler.obj
d:\users\mirawelner\qtvi\qtvi-refactor\2_noise_marking_gui\noise_ma.7588209c\x64\debug\noise_manager.obj
d:\users\mirawelner\qtvi\qtvi-refactor\2_noise_marking_gui\noise_ma.7588209c\x64\debug\pugixml.obj
d:\users\mirawelner\qtvi\qtvi-refactor\2_noise_marking_gui\noise_ma.7588209c\x64\debug\lower_row_buttons.obj
d:\users\mirawelner\qtvi\qtvi-refactor\2_noise_marking_gui\noise_ma.7588209c\x64\debug\qt\moc\moc_noise_marking_guiplugin.cpp
d:\users\mirawelner\qtvi\qtvi-refactor\2_noise_marking_gui\noise_ma.7588209c\x64\debug\qt\moc\moc_lower_row_buttons.cpp
d:\users\mirawelner\qtvi\qtvi-refactor\2_noise_marking_gui\noise_ma.7588209c\x64\debug\qt\moc\moc_gui_handler.cpp
d:\users\mirawelner\qtvi\qtvi-refactor\2_noise_marking_gui\noise_ma.7588209c\x64\debug\qt\uic\ui_noise_marking_gui.h
d:\users\mirawelner\qtvi\qtvi-refactor\2_noise_marking_gui\noise_ma.7588209c\x64\debug\noise_ma.7588209c.tlog\cl.command.1.tlog
d:\users\mirawelner\qtvi\qtvi-refactor\2_noise_marking_gui\noise_ma.7588209c\x64\debug\noise_ma.7588209c.tlog\cl.read.1.tlog
d:\users\mirawelner\qtvi\qtvi-refactor\2_noise_marking_gui\noise_ma.7588209c\x64\debug\noise_ma.7588209c.tlog\cl.write.1.tlog
d:\users\mirawelner\qtvi\qtvi-refactor\2_noise_marking_gui\noise_ma.7588209c\x64\debug\noise_ma.7588209c.tlog\moc.read.1u.tlog
d:\users\mirawelner\qtvi\qtvi-refactor\2_noise_marking_gui\noise_ma.7588209c\x64\debug\noise_ma.7588209c.tlog\moc.write.1u.tlog
d:\users\mirawelner\qtvi\qtvi-refactor\2_noise_marking_gui\noise_ma.7588209c\x64\debug\noise_ma.7588209c.tlog\noise_marking_gui.write.1u.tlog
d:\users\mirawelner\qtvi\qtvi-refactor\2_noise_marking_gui\noise_ma.7588209c\x64\debug\noise_ma.7588209c.tlog\uic.read.1u.tlog
d:\users\mirawelner\qtvi\qtvi-refactor\2_noise_marking_gui\noise_ma.7588209c\x64\debug\noise_ma.7588209c.tlog\uic.write.1u.tlog
