d:\users\mirawelner\qtvi\qtvi-refactor\noise_marking_gui\noise_ma.7588209c\x64\debug\post_process_queue.obj
d:\users\mirawelner\qtvi\qtvi-refactor\noise_marking_gui\noise_ma.7588209c\x64\debug\template_io.obj
d:\users\mirawelner\qtvi\qtvi-refactor\noise_marking_gui\noise_ma.7588209c\x64\debug\config_loader.obj
d:\users\mirawelner\qtvi\qtvi-refactor\noise_marking_gui\noise_ma.7588209c\x64\debug\anneal_handler.obj
d:\users\mirawelner\qtvi\qtvi-refactor\noise_marking_gui\noise_ma.7588209c\x64\debug\user_annotation_handler.obj
d:\users\mirawelner\qtvi\qtvi-refactor\noise_marking_gui\noise_ma.7588209c\x64\debug\gui_handler.obj
d:\users\mirawelner\qtvi\qtvi-refactor\noise_marking_gui\noise_ma.7588209c\x64\debug\noise_marking_gui.obj
d:\users\mirawelner\qtvi\qtvi-refactor\noise_marking_gui\noise_ma.7588209c\x64\debug\user_control_handler.obj
d:\users\mirawelner\qtvi\qtvi-refactor\noise_marking_gui\noise_ma.7588209c\x64\debug\vc145.pdb
d:\users\mirawelner\qtvi\qtvi-refactor\noise_marking_gui\noise_ma.7588209c\x64\debug\moc_gui_handler.obj
d:\users\mirawelner\qtvi\qtvi-refactor\noise_marking_gui\noise_ma.7588209c\x64\debug\moc_user_control_handler.obj
d:\users\mirawelner\qtvi\qtvi-refactor\noise_marking_gui\x64\debug\noise_marking_gui.exe
d:\users\mirawelner\qtvi\qtvi-refactor\noise_marking_gui\x64\debug\noise_marking_gui.pdb
d:\users\mirawelner\qtvi\qtvi-refactor\noise_marking_gui\noise_ma.7588209c\x64\debug\qt\moc\moc_user_control_handler.cpp
d:\users\mirawelner\qtvi\qtvi-refactor\noise_marking_gui\noise_ma.7588209c\x64\debug\qt\moc\moc_gui_handler.cpp
d:\users\mirawelner\qtvi\qtvi-refactor\noise_marking_gui\noise_ma.7588209c\x64\debug\qt\uic\ui_noise_marking_gui.h
d:\users\mirawelner\qtvi\qtvi-refactor\noise_marking_gui\noise_ma.7588209c\x64\debug\noise_marking_gui.ilk
d:\users\mirawelner\qtvi\qtvi-refactor\noise_marking_gui\noise_ma.7588209c\x64\debug\edflib.obj
d:\users\mirawelner\qtvi\qtvi-refactor\noise_marking_gui\noise_ma.7588209c\x64\debug\file_to_bin.obj
d:\users\mirawelner\qtvi\qtvi-refactor\noise_marking_gui\noise_ma.7588209c\x64\debug\pugixml.obj
d:\users\mirawelner\qtvi\qtvi-refactor\noise_marking_gui\noise_ma.7588209c\x64\debug\vc145.idb
d:\users\mirawelner\qtvi\qtvi-refactor\noise_marking_gui\noise_ma.7588209c\x64\debug\noise_ma.7588209c.tlog\cl.command.1.tlog
d:\users\mirawelner\qtvi\qtvi-refactor\noise_marking_gui\noise_ma.7588209c\x64\debug\noise_ma.7588209c.tlog\cl.items.tlog
d:\users\mirawelner\qtvi\qtvi-refactor\noise_marking_gui\noise_ma.7588209c\x64\debug\noise_ma.7588209c.tlog\cl.read.1.tlog
d:\users\mirawelner\qtvi\qtvi-refactor\noise_marking_gui\noise_ma.7588209c\x64\debug\noise_ma.7588209c.tlog\cl.write.1.tlog
d:\users\mirawelner\qtvi\qtvi-refactor\noise_marking_gui\noise_ma.7588209c\x64\debug\noise_ma.7588209c.tlog\link.command.1.tlog
d:\users\mirawelner\qtvi\qtvi-refactor\noise_marking_gui\noise_ma.7588209c\x64\debug\noise_ma.7588209c.tlog\link.read.1.tlog
d:\users\mirawelner\qtvi\qtvi-refactor\noise_marking_gui\noise_ma.7588209c\x64\debug\noise_ma.7588209c.tlog\link.secondary.1.tlog
d:\users\mirawelner\qtvi\qtvi-refactor\noise_marking_gui\noise_ma.7588209c\x64\debug\noise_ma.7588209c.tlog\link.write.1.tlog
d:\users\mirawelner\qtvi\qtvi-refactor\noise_marking_gui\noise_ma.7588209c\x64\debug\noise_ma.7588209c.tlog\moc.read.1u.tlog
d:\users\mirawelner\qtvi\qtvi-refactor\noise_marking_gui\noise_ma.7588209c\x64\debug\noise_ma.7588209c.tlog\moc.write.1u.tlog
d:\users\mirawelner\qtvi\qtvi-refactor\noise_marking_gui\noise_ma.7588209c\x64\debug\noise_ma.7588209c.tlog\noise_marking_gui.write.1u.tlog
d:\users\mirawelner\qtvi\qtvi-refactor\noise_marking_gui\noise_ma.7588209c\x64\debug\noise_ma.7588209c.tlog\uic.read.1u.tlog
d:\users\mirawelner\qtvi\qtvi-refactor\noise_marking_gui\noise_ma.7588209c\x64\debug\noise_ma.7588209c.tlog\uic.write.1u.tlog
