d:\users\mirawelner\qtvi\qtvi-refactor\6_template_marking\6_templa.9ac31506\x64\release\qt\uic\ui_templateviewerwindow.h
d:\users\mirawelner\qtvi\qtvi-refactor\6_template_marking\6_templa.9ac31506\x64\release\qt\moc\moc_binplotwidget.cpp
d:\users\mirawelner\qtvi\qtvi-refactor\6_template_marking\6_templa.9ac31506\x64\release\qt\moc\moc_templateviewerwindow.cpp
d:\users\mirawelner\qtvi\qtvi-refactor\6_template_marking\6_templa.9ac31506\x64\release\binplotwidget.obj
d:\users\mirawelner\qtvi\qtvi-refactor\6_template_marking\6_templa.9ac31506\x64\release\6_template_marking.obj
d:\users\mirawelner\qtvi\qtvi-refactor\6_template_marking\6_templa.9ac31506\x64\release\templateviewerwindow.obj
d:\users\mirawelner\qtvi\qtvi-refactor\6_template_marking\6_templa.9ac31506\x64\release\vc143.pdb
d:\users\mirawelner\qtvi\qtvi-refactor\6_template_marking\6_templa.9ac31506\x64\release\moc_templateviewerwindow.obj
d:\users\mirawelner\qtvi\qtvi-refactor\6_template_marking\6_templa.9ac31506\x64\release\moc_binplotwidget.obj
d:\users\mirawelner\qtvi\qtvi-refactor\6_template_marking\x64\release\6_template_marking.exe
d:\users\mirawelner\qtvi\qtvi-refactor\6_template_marking\6_templa.9ac31506\x64\release\6_template_marking.ipdb
d:\users\mirawelner\qtvi\qtvi-refactor\6_template_marking\6_templa.9ac31506\x64\release\6_template_marking.iobj
d:\users\mirawelner\qtvi\qtvi-refactor\6_template_marking\6_templa.9ac31506\x64\release\6_templa.9ac31506.tlog\6_template_marking.write.1u.tlog
d:\users\mirawelner\qtvi\qtvi-refactor\6_template_marking\6_templa.9ac31506\x64\release\6_templa.9ac31506.tlog\cl.command.1.tlog
d:\users\mirawelner\qtvi\qtvi-refactor\6_template_marking\6_templa.9ac31506\x64\release\6_templa.9ac31506.tlog\cl.items.tlog
d:\users\mirawelner\qtvi\qtvi-refactor\6_template_marking\6_templa.9ac31506\x64\release\6_templa.9ac31506.tlog\cl.read.1.tlog
d:\users\mirawelner\qtvi\qtvi-refactor\6_template_marking\6_templa.9ac31506\x64\release\6_templa.9ac31506.tlog\cl.write.1.tlog
d:\users\mirawelner\qtvi\qtvi-refactor\6_template_marking\6_templa.9ac31506\x64\release\6_templa.9ac31506.tlog\link.command.1.tlog
d:\users\mirawelner\qtvi\qtvi-refactor\6_template_marking\6_templa.9ac31506\x64\release\6_templa.9ac31506.tlog\link.read.1.tlog
d:\users\mirawelner\qtvi\qtvi-refactor\6_template_marking\6_templa.9ac31506\x64\release\6_templa.9ac31506.tlog\link.secondary.1.tlog
d:\users\mirawelner\qtvi\qtvi-refactor\6_template_marking\6_templa.9ac31506\x64\release\6_templa.9ac31506.tlog\link.write.1.tlog
d:\users\mirawelner\qtvi\qtvi-refactor\6_template_marking\6_templa.9ac31506\x64\release\6_templa.9ac31506.tlog\moc.read.1u.tlog
d:\users\mirawelner\qtvi\qtvi-refactor\6_template_marking\6_templa.9ac31506\x64\release\6_templa.9ac31506.tlog\moc.write.1u.tlog
d:\users\mirawelner\qtvi\qtvi-refactor\6_template_marking\6_templa.9ac31506\x64\release\6_templa.9ac31506.tlog\uic.read.1u.tlog
d:\users\mirawelner\qtvi\qtvi-refactor\6_template_marking\6_templa.9ac31506\x64\release\6_templa.9ac31506.tlog\uic.write.1u.tlog
