  JoinedRR.cpp
C:\Program Files\Microsoft Visual Studio\18\Enterprise\VC\Tools\MSVC\14.50.35717\include\xmemory(736,82): warning C4244: 'initializing': conversion from 'unsigned __int64' to '_Objty', possible loss of data
C:\Program Files\Microsoft Visual Studio\18\Enterprise\VC\Tools\MSVC\14.50.35717\include\xmemory(736,82): warning C4244:         with
C:\Program Files\Microsoft Visual Studio\18\Enterprise\VC\Tools\MSVC\14.50.35717\include\xmemory(736,82): warning C4244:         [
C:\Program Files\Microsoft Visual Studio\18\Enterprise\VC\Tools\MSVC\14.50.35717\include\xmemory(736,82): warning C4244:             _Objty=double
C:\Program Files\Microsoft Visual Studio\18\Enterprise\VC\Tools\MSVC\14.50.35717\include\xmemory(736,82): warning C4244:         ]
  (compiling source file 'JoinedRR.cpp')
      C:\Program Files\Microsoft Visual Studio\18\Enterprise\VC\Tools\MSVC\14.50.35717\include\xmemory(736,82):
      the template instantiation context (the oldest one first) is
          D:\USERS\MiraWelner\QTVI\QTVI-refactor\4_find_wave_bounds\JoinedRR.cpp(94,51):
          see reference to function template instantiation 'std::vector<double,std::allocator<double>>::vector<std::_Vector_iterator<std::_Vector_val<std::_Simple_types<_Ty>>>,0>(_Iter,_Iter,const _Alloc &)' being compiled
          with
          [
              _Ty=size_t,
              _Iter=std::_Vector_iterator<std::_Vector_val<std::_Simple_types<size_t>>>,
              _Alloc=std::allocator<double>
          ]
              D:\USERS\MiraWelner\QTVI\QTVI-refactor\4_find_wave_bounds\JoinedRR.cpp(94,30):
              see the first reference to 'std::vector<double,std::allocator<double>>::vector' in 'JoinedRR'
          C:\Program Files\Microsoft Visual Studio\18\Enterprise\VC\Tools\MSVC\14.50.35717\include\vector(700,13):
          see reference to function template instantiation 'void std::vector<double,std::allocator<double>>::_Construct_n<unsigned __int64*,unsigned __int64*>(const unsigned __int64,unsigned __int64 *&&,unsigned __int64 *&&)' being compiled
          C:\Program Files\Microsoft Visual Studio\18\Enterprise\VC\Tools\MSVC\14.50.35717\include\vector(2120,41):
          see reference to function template instantiation 'double *std::_Uninitialized_copy<_Ty,_Ty,std::allocator<double>>(_InIt,_Se,double *,_Alloc &)' being compiled
          with
          [
              _Ty=unsigned __int64 *,
              _InIt=unsigned __int64 *,
              _Se=unsigned __int64 *,
              _Alloc=std::allocator<double>
          ]
          C:\Program Files\Microsoft Visual Studio\18\Enterprise\VC\Tools\MSVC\14.50.35717\include\xmemory(1922,18):
          see reference to function template instantiation 'void std::_Uninitialized_backout_al<_Alloc>::_Emplace_back<unsigned __int64&>(unsigned __int64 &)' being compiled
          with
          [
              _Alloc=std::allocator<double>
          ]
          C:\Program Files\Microsoft Visual Studio\18\Enterprise\VC\Tools\MSVC\14.50.35717\include\xmemory(1864,35):
          see reference to function template instantiation 'void std::_Default_allocator_traits<_Alloc>::construct<_Ty,unsigned __int64&>(_Alloc &,_Objty *const ,unsigned __int64 &)' being compiled
          with
          [
              _Alloc=std::allocator<double>,
              _Ty=double,
              _Objty=double
          ]
  
  main.cpp
  Generating Code...
LINK : warning LNK4075: ignoring '/INCREMENTAL' due to '/OPT:ICF' specification
  4_find_wave_bounds.vcxproj -> D:\USERS\MiraWelner\QTVI\QTVI-refactor\4_find_wave_bounds\x64\Release\4_find_wave_bounds.exe
  'pwsh.exe' is not recognized as an internal or external command,
  operable program or batch file.
