d:\users\mirawelner\qtvi\qtvi-refactor\4_find_wave_bounds\4_find_w.55033544\x64\release\vc145.pdb
d:\users\mirawelner\qtvi\qtvi-refactor\4_find_wave_bounds\4_find_w.55033544\x64\release\stdoutlier.obj
d:\users\mirawelner\qtvi\qtvi-refactor\4_find_wave_bounds\4_find_w.55033544\x64\release\statsutils.obj
d:\users\mirawelner\qtvi\qtvi-refactor\4_find_wave_bounds\4_find_w.55033544\x64\release\segmentppg.obj
d:\users\mirawelner\qtvi\qtvi-refactor\4_find_wave_bounds\4_find_w.55033544\x64\release\rrsimplesquared.obj
d:\users\mirawelner\qtvi\qtvi-refactor\4_find_wave_bounds\4_find_w.55033544\x64\release\rpeakdetect.obj
d:\users\mirawelner\qtvi\qtvi-refactor\4_find_wave_bounds\4_find_w.55033544\x64\release\readprops.obj
d:\users\mirawelner\qtvi\qtvi-refactor\4_find_wave_bounds\4_find_w.55033544\x64\release\peakfinder.obj
d:\users\mirawelner\qtvi\qtvi-refactor\4_find_wave_bounds\4_find_w.55033544\x64\release\pan_tompkin.obj
d:\users\mirawelner\qtvi\qtvi-refactor\4_find_wave_bounds\4_find_w.55033544\x64\release\pairrtoppgbeat.obj
d:\users\mirawelner\qtvi\qtvi-refactor\4_find_wave_bounds\4_find_w.55033544\x64\release\nanfastsmooth.obj
d:\users\mirawelner\qtvi\qtvi-refactor\4_find_wave_bounds\4_find_w.55033544\x64\release\main.obj
d:\users\mirawelner\qtvi\qtvi-refactor\4_find_wave_bounds\4_find_w.55033544\x64\release\joinedrr.obj
d:\users\mirawelner\qtvi\qtvi-refactor\4_find_wave_bounds\4_find_w.55033544\x64\release\findwavebounds_ekgandppg.obj
d:\users\mirawelner\qtvi\qtvi-refactor\4_find_wave_bounds\4_find_w.55033544\x64\release\filterutils.obj
d:\users\mirawelner\qtvi\qtvi-refactor\4_find_wave_bounds\4_find_w.55033544\x64\release\filterecg256hz.obj
d:\users\mirawelner\qtvi\qtvi-refactor\4_find_wave_bounds\4_find_w.55033544\x64\release\filterecg128hz.obj
d:\users\mirawelner\qtvi\qtvi-refactor\4_find_wave_bounds\4_find_w.55033544\x64\release\ecglms.obj
d:\users\mirawelner\qtvi\qtvi-refactor\4_find_wave_bounds\4_find_w.55033544\x64\release\ecglaux.obj
d:\users\mirawelner\qtvi\qtvi-refactor\4_find_wave_bounds\4_find_w.55033544\x64\release\diff2.obj
d:\users\mirawelner\qtvi\qtvi-refactor\4_find_wave_bounds\x64\release\4_find_wave_bounds.exe
d:\users\mirawelner\qtvi\qtvi-refactor\4_find_wave_bounds\4_find_w.55033544\x64\release\4_find_w.55033544.tlog\cl.command.1.tlog
d:\users\mirawelner\qtvi\qtvi-refactor\4_find_wave_bounds\4_find_w.55033544\x64\release\4_find_w.55033544.tlog\cl.read.1.tlog
d:\users\mirawelner\qtvi\qtvi-refactor\4_find_wave_bounds\4_find_w.55033544\x64\release\4_find_w.55033544.tlog\cl.write.1.tlog
d:\users\mirawelner\qtvi\qtvi-refactor\4_find_wave_bounds\4_find_w.55033544\x64\release\4_find_w.55033544.tlog\link.command.1.tlog
d:\users\mirawelner\qtvi\qtvi-refactor\4_find_wave_bounds\4_find_w.55033544\x64\release\4_find_w.55033544.tlog\link.read.1.tlog
