d:\users\mirawelner\qtvi\qtvi-refactor\qtvi_template_marking\6_templa.9ac31506\x64\release\qt\uic\ui_templateviewerwindow.h
d:\users\mirawelner\qtvi\qtvi-refactor\qtvi_template_marking\6_templa.9ac31506\x64\release\qt\moc\moc_binplotwidget.cpp
d:\users\mirawelner\qtvi\qtvi-refactor\qtvi_template_marking\6_templa.9ac31506\x64\release\qt\moc\moc_templateviewerwindow.cpp
d:\users\mirawelner\qtvi\qtvi-refactor\qtvi_template_marking\x64\release\icuuc.dll
d:\users\mirawelner\qtvi\qtvi-refactor\qtvi_template_marking\x64\release\qt6core.dll
d:\users\mirawelner\qtvi\qtvi-refactor\qtvi_template_marking\x64\release\qt6gui.dll
d:\users\mirawelner\qtvi\qtvi-refactor\qtvi_template_marking\x64\release\qt6network.dll
d:\users\mirawelner\qtvi\qtvi-refactor\qtvi_template_marking\x64\release\qt6svg.dll
d:\users\mirawelner\qtvi\qtvi-refactor\qtvi_template_marking\x64\release\qt6widgets.dll
d:\users\mirawelner\qtvi\qtvi-refactor\qtvi_template_marking\x64\release\opengl32sw.dll
d:\users\mirawelner\qtvi\qtvi-refactor\qtvi_template_marking\x64\release\d3dcompiler_47.dll
d:\users\mirawelner\qtvi\qtvi-refactor\qtvi_template_marking\x64\release\vc_redist.x64.exe
d:\users\mirawelner\qtvi\qtvi-refactor\qtvi_template_marking\x64\release\generic\qtuiotouchplugin.dll
d:\users\mirawelner\qtvi\qtvi-refactor\qtvi_template_marking\x64\release\iconengines\qsvgicon.dll
d:\users\mirawelner\qtvi\qtvi-refactor\qtvi_template_marking\x64\release\imageformats\qgif.dll
d:\users\mirawelner\qtvi\qtvi-refactor\qtvi_template_marking\x64\release\imageformats\qico.dll
d:\users\mirawelner\qtvi\qtvi-refactor\qtvi_template_marking\x64\release\imageformats\qjpeg.dll
d:\users\mirawelner\qtvi\qtvi-refactor\qtvi_template_marking\x64\release\imageformats\qsvg.dll
d:\users\mirawelner\qtvi\qtvi-refactor\qtvi_template_marking\x64\release\networkinformation\qnetworklistmanager.dll
d:\users\mirawelner\qtvi\qtvi-refactor\qtvi_template_marking\x64\release\platforms\qwindows.dll
d:\users\mirawelner\qtvi\qtvi-refactor\qtvi_template_marking\x64\release\styles\qmodernwindowsstyle.dll
d:\users\mirawelner\qtvi\qtvi-refactor\qtvi_template_marking\x64\release\tls\qcertonlybackend.dll
d:\users\mirawelner\qtvi\qtvi-refactor\qtvi_template_marking\x64\release\tls\qopensslbackend.dll
d:\users\mirawelner\qtvi\qtvi-refactor\qtvi_template_marking\x64\release\tls\qschannelbackend.dll
d:\users\mirawelner\qtvi\qtvi-refactor\qtvi_template_marking\x64\release\translations\qt_ar.qm
d:\users\mirawelner\qtvi\qtvi-refactor\qtvi_template_marking\x64\release\translations\qt_bg.qm
d:\users\mirawelner\qtvi\qtvi-refactor\qtvi_template_marking\x64\release\translations\qt_ca.qm
d:\users\mirawelner\qtvi\qtvi-refactor\qtvi_template_marking\x64\release\translations\qt_cs.qm
d:\users\mirawelner\qtvi\qtvi-refactor\qtvi_template_marking\x64\release\translations\qt_da.qm
d:\users\mirawelner\qtvi\qtvi-refactor\qtvi_template_marking\x64\release\translations\qt_de.qm
d:\users\mirawelner\qtvi\qtvi-refactor\qtvi_template_marking\x64\release\translations\qt_en.qm
d:\users\mirawelner\qtvi\qtvi-refactor\qtvi_template_marking\x64\release\translations\qt_es.qm
d:\users\mirawelner\qtvi\qtvi-refactor\qtvi_template_marking\x64\release\translations\qt_fa.qm
d:\users\mirawelner\qtvi\qtvi-refactor\qtvi_template_marking\x64\release\translations\qt_fi.qm
d:\users\mirawelner\qtvi\qtvi-refactor\qtvi_template_marking\x64\release\translations\qt_fr.qm
d:\users\mirawelner\qtvi\qtvi-refactor\qtvi_template_marking\x64\release\translations\qt_gd.qm
d:\users\mirawelner\qtvi\qtvi-refactor\qtvi_template_marking\x64\release\translations\qt_he.qm
d:\users\mirawelner\qtvi\qtvi-refactor\qtvi_template_marking\x64\release\translations\qt_hr.qm
d:\users\mirawelner\qtvi\qtvi-refactor\qtvi_template_marking\x64\release\translations\qt_hu.qm
d:\users\mirawelner\qtvi\qtvi-refactor\qtvi_template_marking\x64\release\translations\qt_it.qm
d:\users\mirawelner\qtvi\qtvi-refactor\qtvi_template_marking\x64\release\translations\qt_ja.qm
d:\users\mirawelner\qtvi\qtvi-refactor\qtvi_template_marking\x64\release\translations\qt_ka.qm
d:\users\mirawelner\qtvi\qtvi-refactor\qtvi_template_marking\x64\release\translations\qt_ko.qm
d:\users\mirawelner\qtvi\qtvi-refactor\qtvi_template_marking\x64\release\translations\qt_lg.qm
d:\users\mirawelner\qtvi\qtvi-refactor\qtvi_template_marking\x64\release\translations\qt_lv.qm
d:\users\mirawelner\qtvi\qtvi-refactor\qtvi_template_marking\x64\release\translations\qt_nl.qm
d:\users\mirawelner\qtvi\qtvi-refactor\qtvi_template_marking\x64\release\translations\qt_nn.qm
d:\users\mirawelner\qtvi\qtvi-refactor\qtvi_template_marking\x64\release\translations\qt_pl.qm
d:\users\mirawelner\qtvi\qtvi-refactor\qtvi_template_marking\x64\release\translations\qt_pt_br.qm
d:\users\mirawelner\qtvi\qtvi-refactor\qtvi_template_marking\x64\release\translations\qt_ru.qm
d:\users\mirawelner\qtvi\qtvi-refactor\qtvi_template_marking\x64\release\translations\qt_sk.qm
d:\users\mirawelner\qtvi\qtvi-refactor\qtvi_template_marking\x64\release\translations\qt_sv.qm
d:\users\mirawelner\qtvi\qtvi-refactor\qtvi_template_marking\x64\release\translations\qt_tr.qm
d:\users\mirawelner\qtvi\qtvi-refactor\qtvi_template_marking\x64\release\translations\qt_uk.qm
d:\users\mirawelner\qtvi\qtvi-refactor\qtvi_template_marking\x64\release\translations\qt_zh_cn.qm
d:\users\mirawelner\qtvi\qtvi-refactor\qtvi_template_marking\x64\release\translations\qt_zh_tw.qm
d:\users\mirawelner\qtvi\qtvi-refactor\qtvi_template_marking\6_templa.9ac31506\x64\release\windeployqt.log
d:\users\mirawelner\qtvi\qtvi-refactor\qtvi_template_marking\6_templa.9ac31506\x64\release\template_io.obj
d:\users\mirawelner\qtvi\qtvi-refactor\qtvi_template_marking\6_templa.9ac31506\x64\release\binplotwidget.obj
d:\users\mirawelner\qtvi\qtvi-refactor\qtvi_template_marking\6_templa.9ac31506\x64\release\templateviewerwindow.obj
d:\users\mirawelner\qtvi\qtvi-refactor\qtvi_template_marking\6_templa.9ac31506\x64\release\config_loader.obj
d:\users\mirawelner\qtvi\qtvi-refactor\qtvi_template_marking\6_templa.9ac31506\x64\release\template_marking.obj
d:\users\mirawelner\qtvi\qtvi-refactor\qtvi_template_marking\6_templa.9ac31506\x64\release\vc143.pdb
d:\users\mirawelner\qtvi\qtvi-refactor\qtvi_template_marking\6_templa.9ac31506\x64\release\moc_binplotwidget.obj
d:\users\mirawelner\qtvi\qtvi-refactor\qtvi_template_marking\6_templa.9ac31506\x64\release\moc_templateviewerwindow.obj
d:\users\mirawelner\qtvi\qtvi-refactor\qtvi_template_marking\6_templa.9ac31506\x64\release\6_template_marking.ipdb
d:\users\mirawelner\qtvi\qtvi-refactor\qtvi_template_marking\6_templa.9ac31506\x64\release\6_template_marking.iobj
d:\users\mirawelner\qtvi\qtvi-refactor\qtvi_template_marking\6_templa.9ac31506\x64\release\6_templa.9ac31506.tlog\6_template_marking.write.1u.tlog
d:\users\mirawelner\qtvi\qtvi-refactor\qtvi_template_marking\6_templa.9ac31506\x64\release\6_templa.9ac31506.tlog\cl.command.1.tlog
d:\users\mirawelner\qtvi\qtvi-refactor\qtvi_template_marking\6_templa.9ac31506\x64\release\6_templa.9ac31506.tlog\cl.items.tlog
d:\users\mirawelner\qtvi\qtvi-refactor\qtvi_template_marking\6_templa.9ac31506\x64\release\6_templa.9ac31506.tlog\cl.read.1.tlog
d:\users\mirawelner\qtvi\qtvi-refactor\qtvi_template_marking\6_templa.9ac31506\x64\release\6_templa.9ac31506.tlog\cl.write.1.tlog
d:\users\mirawelner\qtvi\qtvi-refactor\qtvi_template_marking\6_templa.9ac31506\x64\release\6_templa.9ac31506.tlog\link.command.1.tlog
d:\users\mirawelner\qtvi\qtvi-refactor\qtvi_template_marking\6_templa.9ac31506\x64\release\6_templa.9ac31506.tlog\link.read.1.tlog
d:\users\mirawelner\qtvi\qtvi-refactor\qtvi_template_marking\6_templa.9ac31506\x64\release\6_templa.9ac31506.tlog\link.secondary.1.tlog
d:\users\mirawelner\qtvi\qtvi-refactor\qtvi_template_marking\6_templa.9ac31506\x64\release\6_templa.9ac31506.tlog\link.write.1.tlog
d:\users\mirawelner\qtvi\qtvi-refactor\qtvi_template_marking\6_templa.9ac31506\x64\release\6_templa.9ac31506.tlog\moc.read.1u.tlog
d:\users\mirawelner\qtvi\qtvi-refactor\qtvi_template_marking\6_templa.9ac31506\x64\release\6_templa.9ac31506.tlog\moc.write.1u.tlog
d:\users\mirawelner\qtvi\qtvi-refactor\qtvi_template_marking\6_templa.9ac31506\x64\release\6_templa.9ac31506.tlog\uic.read.1u.tlog
d:\users\mirawelner\qtvi\qtvi-refactor\qtvi_template_marking\6_templa.9ac31506\x64\release\6_templa.9ac31506.tlog\uic.write.1u.tlog
d:\users\mirawelner\qtvi\qtvi-refactor\qtvi_template_marking\6_templa.9ac31506\x64\release\6_templa.9ac31506.tlog\windeployqt.read.1u.tlog
d:\users\mirawelner\qtvi\qtvi-refactor\qtvi_template_marking\6_templa.9ac31506\x64\release\6_templa.9ac31506.tlog\windeployqt.write.1u.tlog
