D:\USERS\MiraWelner\QTVI\QTVI-refactor\qtvi_template_marking\x64\Release\\icuuc.dll
D:\USERS\MiraWelner\QTVI\QTVI-refactor\qtvi_template_marking\x64\Release\\Qt6Core.dll
D:\USERS\MiraWelner\QTVI\QTVI-refactor\qtvi_template_marking\x64\Release\\Qt6Gui.dll
D:\USERS\MiraWelner\QTVI\QTVI-refactor\qtvi_template_marking\x64\Release\\Qt6Network.dll
D:\USERS\MiraWelner\QTVI\QTVI-refactor\qtvi_template_marking\x64\Release\\Qt6Svg.dll
D:\USERS\MiraWelner\QTVI\QTVI-refactor\qtvi_template_marking\x64\Release\\Qt6Widgets.dll
D:\USERS\MiraWelner\QTVI\QTVI-refactor\qtvi_template_marking\x64\Release\\opengl32sw.dll
D:\USERS\MiraWelner\QTVI\QTVI-refactor\qtvi_template_marking\x64\Release\\D3Dcompiler_47.dll
D:\USERS\MiraWelner\QTVI\QTVI-refactor\qtvi_template_marking\x64\Release\\vc_redist.x64.exe
D:\USERS\MiraWelner\QTVI\QTVI-refactor\qtvi_template_marking\x64\Release\generic\qtuiotouchplugin.dll
D:\USERS\MiraWelner\QTVI\QTVI-refactor\qtvi_template_marking\x64\Release\iconengines\qsvgicon.dll
D:\USERS\MiraWelner\QTVI\QTVI-refactor\qtvi_template_marking\x64\Release\imageformats\qgif.dll
D:\USERS\MiraWelner\QTVI\QTVI-refactor\qtvi_template_marking\x64\Release\imageformats\qico.dll
D:\USERS\MiraWelner\QTVI\QTVI-refactor\qtvi_template_marking\x64\Release\imageformats\qjpeg.dll
D:\USERS\MiraWelner\QTVI\QTVI-refactor\qtvi_template_marking\x64\Release\imageformats\qsvg.dll
D:\USERS\MiraWelner\QTVI\QTVI-refactor\qtvi_template_marking\x64\Release\networkinformation\qnetworklistmanager.dll
D:\USERS\MiraWelner\QTVI\QTVI-refactor\qtvi_template_marking\x64\Release\platforms\qwindows.dll
D:\USERS\MiraWelner\QTVI\QTVI-refactor\qtvi_template_marking\x64\Release\styles\qmodernwindowsstyle.dll
D:\USERS\MiraWelner\QTVI\QTVI-refactor\qtvi_template_marking\x64\Release\tls\qcertonlybackend.dll
D:\USERS\MiraWelner\QTVI\QTVI-refactor\qtvi_template_marking\x64\Release\tls\qopensslbackend.dll
D:\USERS\MiraWelner\QTVI\QTVI-refactor\qtvi_template_marking\x64\Release\tls\qschannelbackend.dll
D:\USERS\MiraWelner\QTVI\QTVI-refactor\qtvi_template_marking\x64\Release\translations\qt_ar.qm
D:\USERS\MiraWelner\QTVI\QTVI-refactor\qtvi_template_marking\x64\Release\translations\qtbase_ar.qm
D:\USERS\MiraWelner\QTVI\QTVI-refactor\qtvi_template_marking\x64\Release\translations\qt_bg.qm
D:\USERS\MiraWelner\QTVI\QTVI-refactor\qtvi_template_marking\x64\Release\translations\qtbase_bg.qm
D:\USERS\MiraWelner\QTVI\QTVI-refactor\qtvi_template_marking\x64\Release\translations\qt_ca.qm
D:\USERS\MiraWelner\QTVI\QTVI-refactor\qtvi_template_marking\x64\Release\translations\qtbase_ca.qm
D:\USERS\MiraWelner\QTVI\QTVI-refactor\qtvi_template_marking\x64\Release\translations\qt_cs.qm
D:\USERS\MiraWelner\QTVI\QTVI-refactor\qtvi_template_marking\x64\Release\translations\qtbase_cs.qm
D:\USERS\MiraWelner\QTVI\QTVI-refactor\qtvi_template_marking\x64\Release\translations\qt_da.qm
D:\USERS\MiraWelner\QTVI\QTVI-refactor\qtvi_template_marking\x64\Release\translations\qtbase_da.qm
D:\USERS\MiraWelner\QTVI\QTVI-refactor\qtvi_template_marking\x64\Release\translations\qt_de.qm
D:\USERS\MiraWelner\QTVI\QTVI-refactor\qtvi_template_marking\x64\Release\translations\qtbase_de.qm
D:\USERS\MiraWelner\QTVI\QTVI-refactor\qtvi_template_marking\x64\Release\translations\qt_en.qm
D:\USERS\MiraWelner\QTVI\QTVI-refactor\qtvi_template_marking\x64\Release\translations\qtbase_en.qm
D:\USERS\MiraWelner\QTVI\QTVI-refactor\qtvi_template_marking\x64\Release\translations\qt_es.qm
D:\USERS\MiraWelner\QTVI\QTVI-refactor\qtvi_template_marking\x64\Release\translations\qtbase_es.qm
D:\USERS\MiraWelner\QTVI\QTVI-refactor\qtvi_template_marking\x64\Release\translations\qt_fa.qm
D:\USERS\MiraWelner\QTVI\QTVI-refactor\qtvi_template_marking\x64\Release\translations\qtbase_fa.qm
D:\USERS\MiraWelner\QTVI\QTVI-refactor\qtvi_template_marking\x64\Release\translations\qt_fi.qm
D:\USERS\MiraWelner\QTVI\QTVI-refactor\qtvi_template_marking\x64\Release\translations\qtbase_fi.qm
D:\USERS\MiraWelner\QTVI\QTVI-refactor\qtvi_template_marking\x64\Release\translations\qt_fr.qm
D:\USERS\MiraWelner\QTVI\QTVI-refactor\qtvi_template_marking\x64\Release\translations\qtbase_fr.qm
D:\USERS\MiraWelner\QTVI\QTVI-refactor\qtvi_template_marking\x64\Release\translations\qt_gd.qm
D:\USERS\MiraWelner\QTVI\QTVI-refactor\qtvi_template_marking\x64\Release\translations\qtbase_gd.qm
D:\USERS\MiraWelner\QTVI\QTVI-refactor\qtvi_template_marking\x64\Release\translations\qt_he.qm
D:\USERS\MiraWelner\QTVI\QTVI-refactor\qtvi_template_marking\x64\Release\translations\qtbase_he.qm
D:\USERS\MiraWelner\QTVI\QTVI-refactor\qtvi_template_marking\x64\Release\translations\qt_hr.qm
D:\USERS\MiraWelner\QTVI\QTVI-refactor\qtvi_template_marking\x64\Release\translations\qtbase_hr.qm
D:\USERS\MiraWelner\QTVI\QTVI-refactor\qtvi_template_marking\x64\Release\translations\qt_hu.qm
D:\USERS\MiraWelner\QTVI\QTVI-refactor\qtvi_template_marking\x64\Release\translations\qtbase_hu.qm
D:\USERS\MiraWelner\QTVI\QTVI-refactor\qtvi_template_marking\x64\Release\translations\qt_it.qm
D:\USERS\MiraWelner\QTVI\QTVI-refactor\qtvi_template_marking\x64\Release\translations\qtbase_it.qm
D:\USERS\MiraWelner\QTVI\QTVI-refactor\qtvi_template_marking\x64\Release\translations\qt_ja.qm
D:\USERS\MiraWelner\QTVI\QTVI-refactor\qtvi_template_marking\x64\Release\translations\qtbase_ja.qm
D:\USERS\MiraWelner\QTVI\QTVI-refactor\qtvi_template_marking\x64\Release\translations\qt_ka.qm
D:\USERS\MiraWelner\QTVI\QTVI-refactor\qtvi_template_marking\x64\Release\translations\qtbase_ka.qm
D:\USERS\MiraWelner\QTVI\QTVI-refactor\qtvi_template_marking\x64\Release\translations\qt_ko.qm
D:\USERS\MiraWelner\QTVI\QTVI-refactor\qtvi_template_marking\x64\Release\translations\qtbase_ko.qm
D:\USERS\MiraWelner\QTVI\QTVI-refactor\qtvi_template_marking\x64\Release\translations\qt_lg.qm
D:\USERS\MiraWelner\QTVI\QTVI-refactor\qtvi_template_marking\x64\Release\translations\qtbase_lg.qm
D:\USERS\MiraWelner\QTVI\QTVI-refactor\qtvi_template_marking\x64\Release\translations\qt_lv.qm
D:\USERS\MiraWelner\QTVI\QTVI-refactor\qtvi_template_marking\x64\Release\translations\qtbase_lv.qm
D:\USERS\MiraWelner\QTVI\QTVI-refactor\qtvi_template_marking\x64\Release\translations\qt_nl.qm
D:\USERS\MiraWelner\QTVI\QTVI-refactor\qtvi_template_marking\x64\Release\translations\qtbase_nl.qm
D:\USERS\MiraWelner\QTVI\QTVI-refactor\qtvi_template_marking\x64\Release\translations\qt_nn.qm
D:\USERS\MiraWelner\QTVI\QTVI-refactor\qtvi_template_marking\x64\Release\translations\qtbase_nn.qm
D:\USERS\MiraWelner\QTVI\QTVI-refactor\qtvi_template_marking\x64\Release\translations\qt_pl.qm
D:\USERS\MiraWelner\QTVI\QTVI-refactor\qtvi_template_marking\x64\Release\translations\qtbase_pl.qm
D:\USERS\MiraWelner\QTVI\QTVI-refactor\qtvi_template_marking\x64\Release\translations\qt_pt_BR.qm
D:\USERS\MiraWelner\QTVI\QTVI-refactor\qtvi_template_marking\x64\Release\translations\qtbase_pt_BR.qm
D:\USERS\MiraWelner\QTVI\QTVI-refactor\qtvi_template_marking\x64\Release\translations\qt_ru.qm
D:\USERS\MiraWelner\QTVI\QTVI-refactor\qtvi_template_marking\x64\Release\translations\qtbase_ru.qm
D:\USERS\MiraWelner\QTVI\QTVI-refactor\qtvi_template_marking\x64\Release\translations\qt_sk.qm
D:\USERS\MiraWelner\QTVI\QTVI-refactor\qtvi_template_marking\x64\Release\translations\qtbase_sk.qm
D:\USERS\MiraWelner\QTVI\QTVI-refactor\qtvi_template_marking\x64\Release\translations\qt_sv.qm
D:\USERS\MiraWelner\QTVI\QTVI-refactor\qtvi_template_marking\x64\Release\translations\qtbase_sv.qm
D:\USERS\MiraWelner\QTVI\QTVI-refactor\qtvi_template_marking\x64\Release\translations\qt_tr.qm
D:\USERS\MiraWelner\QTVI\QTVI-refactor\qtvi_template_marking\x64\Release\translations\qtbase_tr.qm
D:\USERS\MiraWelner\QTVI\QTVI-refactor\qtvi_template_marking\x64\Release\translations\qt_uk.qm
D:\USERS\MiraWelner\QTVI\QTVI-refactor\qtvi_template_marking\x64\Release\translations\qtbase_uk.qm
D:\USERS\MiraWelner\QTVI\QTVI-refactor\qtvi_template_marking\x64\Release\translations\qt_zh_CN.qm
D:\USERS\MiraWelner\QTVI\QTVI-refactor\qtvi_template_marking\x64\Release\translations\qtbase_zh_CN.qm
D:\USERS\MiraWelner\QTVI\QTVI-refactor\qtvi_template_marking\x64\Release\translations\qt_zh_TW.qm
D:\USERS\MiraWelner\QTVI\QTVI-refactor\qtvi_template_marking\x64\Release\translations\qtbase_zh_TW.qm
