  config_loader.cpp
D:\USERS\MiraWelner\QTVI\QTVI-refactor\convert_uniform_bin\config_loader.hpp(9,10): error C1083: Cannot open include file: 'QString': No such file or directory
  (compiling source file 'config_loader.cpp')
  
  file_to_bin.cpp
C:\Program Files\Microsoft Visual Studio\18\Enterprise\VC\Tools\MSVC\14.50.35717\include\filesystem(12): warning STL4038: The contents of <filesystem> are available only with C++17 or later.
D:\USERS\MiraWelner\QTVI\QTVI-refactor\convert_uniform_bin\file_to_bin.hpp(58,31): error C7525: inline variables require at least '/std:c++17'
  (compiling source file 'file_to_bin.cpp')
  
D:\USERS\MiraWelner\QTVI\QTVI-refactor\convert_uniform_bin\file_to_bin.hpp(59,31): error C7525: inline variables require at least '/std:c++17'
  (compiling source file 'file_to_bin.cpp')
  
D:\USERS\MiraWelner\QTVI\QTVI-refactor\convert_uniform_bin\file_to_bin.hpp(60,33): error C7525: inline variables require at least '/std:c++17'
  (compiling source file 'file_to_bin.cpp')
  
D:\USERS\MiraWelner\QTVI\QTVI-refactor\convert_uniform_bin\file_to_bin.hpp(61,31): error C7525: inline variables require at least '/std:c++17'
  (compiling source file 'file_to_bin.cpp')
  
D:\USERS\MiraWelner\QTVI\QTVI-refactor\convert_uniform_bin\file_to_bin.hpp(62,31): error C7525: inline variables require at least '/std:c++17'
  (compiling source file 'file_to_bin.cpp')
  
D:\USERS\MiraWelner\QTVI\QTVI-refactor\convert_uniform_bin\file_to_bin.hpp(63,31): error C7525: inline variables require at least '/std:c++17'
  (compiling source file 'file_to_bin.cpp')
  
D:\USERS\MiraWelner\QTVI\QTVI-refactor\convert_uniform_bin\file_to_bin.hpp(94,34): error C2039: 'filesystem': is not a member of 'std'
  (compiling source file 'file_to_bin.cpp')
      C:\Program Files\Microsoft Visual Studio\18\Enterprise\VC\Tools\MSVC\14.50.35717\include\string(23,1):
      see declaration of 'std'
  
D:\USERS\MiraWelner\QTVI\QTVI-refactor\convert_uniform_bin\file_to_bin.hpp(94,34): error C3083: 'filesystem': the symbol to the left of a '::' must be a type
  (compiling source file 'file_to_bin.cpp')
  
D:\USERS\MiraWelner\QTVI\QTVI-refactor\convert_uniform_bin\file_to_bin.hpp(94,46): error C2039: 'path': is not a member of 'std'
  (compiling source file 'file_to_bin.cpp')
      C:\Program Files\Microsoft Visual Studio\18\Enterprise\VC\Tools\MSVC\14.50.35717\include\string(23,1):
      see declaration of 'std'
  
D:\USERS\MiraWelner\QTVI\QTVI-refactor\convert_uniform_bin\file_to_bin.hpp(94,23): error C4430: missing type specifier - int assumed. Note: C++ does not support default-int
  (compiling source file 'file_to_bin.cpp')
  
D:\USERS\MiraWelner\QTVI\QTVI-refactor\convert_uniform_bin\file_to_bin.hpp(94,50): error C2143: syntax error: missing ',' before '&'
  (compiling source file 'file_to_bin.cpp')
  
D:\USERS\MiraWelner\QTVI\QTVI-refactor\convert_uniform_bin\file_to_bin.hpp(100,34): error C2039: 'filesystem': is not a member of 'std'
  (compiling source file 'file_to_bin.cpp')
      C:\Program Files\Microsoft Visual Studio\18\Enterprise\VC\Tools\MSVC\14.50.35717\include\string(23,1):
      see declaration of 'std'
  
D:\USERS\MiraWelner\QTVI\QTVI-refactor\convert_uniform_bin\file_to_bin.hpp(100,34): error C3083: 'filesystem': the symbol to the left of a '::' must be a type
  (compiling source file 'file_to_bin.cpp')
  
D:\USERS\MiraWelner\QTVI\QTVI-refactor\convert_uniform_bin\file_to_bin.hpp(100,46): error C2039: 'path': is not a member of 'std'
  (compiling source file 'file_to_bin.cpp')
      C:\Program Files\Microsoft Visual Studio\18\Enterprise\VC\Tools\MSVC\14.50.35717\include\string(23,1):
      see declaration of 'std'
  
D:\USERS\MiraWelner\QTVI\QTVI-refactor\convert_uniform_bin\file_to_bin.hpp(100,23): error C4430: missing type specifier - int assumed. Note: C++ does not support default-int
  (compiling source file 'file_to_bin.cpp')
  
D:\USERS\MiraWelner\QTVI\QTVI-refactor\convert_uniform_bin\file_to_bin.hpp(100,50): error C2143: syntax error: missing ',' before '&'
  (compiling source file 'file_to_bin.cpp')
  
D:\USERS\MiraWelner\QTVI\QTVI-refactor\convert_uniform_bin\file_to_bin.hpp(106,6): error C2039: 'filesystem': is not a member of 'std'
  (compiling source file 'file_to_bin.cpp')
      C:\Program Files\Microsoft Visual Studio\18\Enterprise\VC\Tools\MSVC\14.50.35717\include\string(23,1):
      see declaration of 'std'
  
D:\USERS\MiraWelner\QTVI\QTVI-refactor\convert_uniform_bin\file_to_bin.hpp(106,6): error C3083: 'filesystem': the symbol to the left of a '::' must be a type
  (compiling source file 'file_to_bin.cpp')
  
D:\USERS\MiraWelner\QTVI\QTVI-refactor\convert_uniform_bin\file_to_bin.hpp(106,18): error C2039: 'path': is not a member of 'std'
  (compiling source file 'file_to_bin.cpp')
      C:\Program Files\Microsoft Visual Studio\18\Enterprise\VC\Tools\MSVC\14.50.35717\include\string(23,1):
      see declaration of 'std'
  
D:\USERS\MiraWelner\QTVI\QTVI-refactor\convert_uniform_bin\file_to_bin.hpp(106,18): error C4430: missing type specifier - int assumed. Note: C++ does not support default-int
  (compiling source file 'file_to_bin.cpp')
  
D:\USERS\MiraWelner\QTVI\QTVI-refactor\convert_uniform_bin\file_to_bin.hpp(106,23): error C2146: syntax error: missing ';' before identifier 'make_binfile'
  (compiling source file 'file_to_bin.cpp')
  
D:\USERS\MiraWelner\QTVI\QTVI-refactor\convert_uniform_bin\file_to_bin.hpp(106,47): error C2039: 'filesystem': is not a member of 'std'
  (compiling source file 'file_to_bin.cpp')
      C:\Program Files\Microsoft Visual Studio\18\Enterprise\VC\Tools\MSVC\14.50.35717\include\string(23,1):
      see declaration of 'std'
  
D:\USERS\MiraWelner\QTVI\QTVI-refactor\convert_uniform_bin\file_to_bin.hpp(106,47): error C3083: 'filesystem': the symbol to the left of a '::' must be a type
  (compiling source file 'file_to_bin.cpp')
  
D:\USERS\MiraWelner\QTVI\QTVI-refactor\convert_uniform_bin\file_to_bin.hpp(106,59): error C2039: 'path': is not a member of 'std'
  (compiling source file 'file_to_bin.cpp')
      C:\Program Files\Microsoft Visual Studio\18\Enterprise\VC\Tools\MSVC\14.50.35717\include\string(23,1):
      see declaration of 'std'
  
D:\USERS\MiraWelner\QTVI\QTVI-refactor\convert_uniform_bin\file_to_bin.cpp(285,38): error C2039: 'filesystem': is not a member of 'std'
      D:\USERS\MiraWelner\QTVI\QTVI-refactor\convert_uniform_bin\file_format_parsing\pugixml.hpp(1532,11):
      see declaration of 'std'
  
D:\USERS\MiraWelner\QTVI\QTVI-refactor\convert_uniform_bin\file_to_bin.cpp(285,38): error C3083: 'filesystem': the symbol to the left of a '::' must be a type
D:\USERS\MiraWelner\QTVI\QTVI-refactor\convert_uniform_bin\file_to_bin.cpp(285,50): error C2039: 'path': is not a member of 'std'
      D:\USERS\MiraWelner\QTVI\QTVI-refactor\convert_uniform_bin\file_format_parsing\pugixml.hpp(1532,11):
      see declaration of 'std'
  
D:\USERS\MiraWelner\QTVI\QTVI-refactor\convert_uniform_bin\file_to_bin.cpp(285,27): error C4430: missing type specifier - int assumed. Note: C++ does not support default-int
D:\USERS\MiraWelner\QTVI\QTVI-refactor\convert_uniform_bin\file_to_bin.cpp(285,54): error C2143: syntax error: missing ',' before '&'
D:\USERS\MiraWelner\QTVI\QTVI-refactor\convert_uniform_bin\file_to_bin.cpp(288,25): error C2665: 'std::basic_ifstream<char,std::char_traits<char>>::basic_ifstream': no overloaded function could convert all the argument types
      C:\Program Files\Microsoft Visual Studio\18\Enterprise\VC\Tools\MSVC\14.50.35717\include\fstream(62,5):
      could be 'std::basic_ifstream<char,std::char_traits<char>>::basic_ifstream(FILE *)'
          D:\USERS\MiraWelner\QTVI\QTVI-refactor\convert_uniform_bin\file_to_bin.cpp(288,25):
          'std::basic_ifstream<char,std::char_traits<char>>::basic_ifstream(FILE *)': cannot convert argument 1 from 'const int' to 'FILE *'
              D:\USERS\MiraWelner\QTVI\QTVI-refactor\convert_uniform_bin\file_to_bin.cpp(288,26):
              Conversion from integral type to pointer type requires reinterpret_cast, C-style cast or parenthesized function-style cast
      C:\Program Files\Microsoft Visual Studio\18\Enterprise\VC\Tools\MSVC\14.50.35717\include\fstream(53,5):
      or       'std::basic_ifstream<char,std::char_traits<char>>::basic_ifstream(const std::wstring &,std::ios_base::openmode,int)'
          D:\USERS\MiraWelner\QTVI\QTVI-refactor\convert_uniform_bin\file_to_bin.cpp(288,25):
          'std::basic_ifstream<char,std::char_traits<char>>::basic_ifstream(const std::wstring &,std::ios_base::openmode,int)': cannot convert argument 1 from 'const int' to 'const std::wstring &'
              D:\USERS\MiraWelner\QTVI\QTVI-refactor\convert_uniform_bin\file_to_bin.cpp(288,26):
              Reason: cannot convert from 'const int' to 'const std::wstring'
              D:\USERS\MiraWelner\QTVI\QTVI-refactor\convert_uniform_bin\file_to_bin.cpp(288,26):
              'std::basic_string<wchar_t,std::char_traits<wchar_t>,std::allocator<wchar_t>>::basic_string': no overloaded function could convert all the argument types
                  C:\Program Files\Microsoft Visual Studio\18\Enterprise\VC\Tools\MSVC\14.50.35717\include\xstring(818,5):
                  could be 'std::basic_string<wchar_t,std::char_traits<wchar_t>,std::allocator<wchar_t>>::basic_string(const _Elem *const )'
          with
          [
              _Elem=wchar_t
          ]
                      D:\USERS\MiraWelner\QTVI\QTVI-refactor\convert_uniform_bin\file_to_bin.cpp(288,26):
                      'std::basic_string<wchar_t,std::char_traits<wchar_t>,std::allocator<wchar_t>>::basic_string(const _Elem *const )': cannot convert argument 1 from 'const int' to 'const _Elem *const '
          with
          [
              _Elem=wchar_t
          ]
                          D:\USERS\MiraWelner\QTVI\QTVI-refactor\convert_uniform_bin\file_to_bin.cpp(288,26):
                          Conversion from integral type to pointer type requires reinterpret_cast, C-style cast or parenthesized function-style cast
                  C:\Program Files\Microsoft Visual Studio\18\Enterprise\VC\Tools\MSVC\14.50.35717\include\xstring(1390,5):
                  or       'std::basic_string<wchar_t,std::char_traits<wchar_t>,std::allocator<wchar_t>>::basic_string(std::initializer_list<_Elem>,const _Alloc &)'
          with
          [
              _Elem=wchar_t,
              _Alloc=std::allocator<wchar_t>
          ]
                      D:\USERS\MiraWelner\QTVI\QTVI-refactor\convert_uniform_bin\file_to_bin.cpp(288,26):
                      'std::basic_string<wchar_t,std::char_traits<wchar_t>,std::allocator<wchar_t>>::basic_string(std::initializer_list<_Elem>,const _Alloc &)': cannot convert argument 1 from 'const int' to 'std::initializer_list<_Elem>'
          with
          [
              _Elem=wchar_t,
              _Alloc=std::allocator<wchar_t>
          ]
          and
          [
              _Elem=wchar_t
          ]
                          D:\USERS\MiraWelner\QTVI\QTVI-refactor\convert_uniform_bin\file_to_bin.cpp(288,26):
                          Conversion requires a second user-defined-conversion operator or constructor
                  C:\Program Files\Microsoft Visual Studio\18\Enterprise\VC\Tools\MSVC\14.50.35717\include\xstring(848,5):
                  or       'std::basic_string<wchar_t,std::char_traits<wchar_t>,std::allocator<wchar_t>>::basic_string(_Iter,_Iter,const _Alloc &)'
          with
          [
              _Alloc=std::allocator<wchar_t>
          ]
                  D:\USERS\MiraWelner\QTVI\QTVI-refactor\convert_uniform_bin\file_to_bin.cpp(288,26):
                  while trying to match the argument list '(const int)'
      C:\Program Files\Microsoft Visual Studio\18\Enterprise\VC\Tools\MSVC\14.50.35717\include\fstream(44,5):
      or       'std::basic_ifstream<char,std::char_traits<char>>::basic_ifstream(const wchar_t *,std::ios_base::openmode,int)'
          D:\USERS\MiraWelner\QTVI\QTVI-refactor\convert_uniform_bin\file_to_bin.cpp(288,25):
          'std::basic_ifstream<char,std::char_traits<char>>::basic_ifstream(const wchar_t *,std::ios_base::openmode,int)': cannot convert argument 1 from 'const int' to 'const wchar_t *'
              D:\USERS\MiraWelner\QTVI\QTVI-refactor\convert_uniform_bin\file_to_bin.cpp(288,26):
              Conversion from integral type to pointer type requires reinterpret_cast, C-style cast or parenthesized function-style cast
      C:\Program Files\Microsoft Visual Studio\18\Enterprise\VC\Tools\MSVC\14.50.35717\include\fstream(40,5):
      or       'std::basic_ifstream<char,std::char_traits<char>>::basic_ifstream(const std::string &,std::ios_base::openmode,int)'
          D:\USERS\MiraWelner\QTVI\QTVI-refactor\convert_uniform_bin\file_to_bin.cpp(288,25):
          'std::basic_ifstream<char,std::char_traits<char>>::basic_ifstream(const std::string &,std::ios_base::openmode,int)': cannot convert argument 1 from 'const int' to 'const std::string &'
              D:\USERS\MiraWelner\QTVI\QTVI-refactor\convert_uniform_bin\file_to_bin.cpp(288,26):
              Reason: cannot convert from 'const int' to 'const std::string'
              D:\USERS\MiraWelner\QTVI\QTVI-refactor\convert_uniform_bin\file_to_bin.cpp(288,26):
              'std::basic_string<char,std::char_traits<char>,std::allocator<char>>::basic_string': no overloaded function could convert all the argument types
                  C:\Program Files\Microsoft Visual Studio\18\Enterprise\VC\Tools\MSVC\14.50.35717\include\xstring(818,5):
                  could be 'std::basic_string<char,std::char_traits<char>,std::allocator<char>>::basic_string(const _Elem *const )'
          with
          [
              _Elem=char
          ]
                      D:\USERS\MiraWelner\QTVI\QTVI-refactor\convert_uniform_bin\file_to_bin.cpp(288,26):
                      'std::basic_string<char,std::char_traits<char>,std::allocator<char>>::basic_string(const _Elem *const )': cannot convert argument 1 from 'const int' to 'const _Elem *const '
          with
          [
              _Elem=char
          ]
                          D:\USERS\MiraWelner\QTVI\QTVI-refactor\convert_uniform_bin\file_to_bin.cpp(288,26):
                          Conversion from integral type to pointer type requires reinterpret_cast, C-style cast or parenthesized function-style cast
                  C:\Program Files\Microsoft Visual Studio\18\Enterprise\VC\Tools\MSVC\14.50.35717\include\xstring(1390,5):
                  or       'std::basic_string<char,std::char_traits<char>,std::allocator<char>>::basic_string(std::initializer_list<_Elem>,const _Alloc &)'
          with
          [
              _Elem=char,
              _Alloc=std::allocator<char>
          ]
                      D:\USERS\MiraWelner\QTVI\QTVI-refactor\convert_uniform_bin\file_to_bin.cpp(288,26):
                      'std::basic_string<char,std::char_traits<char>,std::allocator<char>>::basic_string(std::initializer_list<_Elem>,const _Alloc &)': cannot convert argument 1 from 'const int' to 'std::initializer_list<_Elem>'
          with
          [
              _Elem=char,
              _Alloc=std::allocator<char>
          ]
          and
          [
              _Elem=char
          ]
                          D:\USERS\MiraWelner\QTVI\QTVI-refactor\convert_uniform_bin\file_to_bin.cpp(288,26):
                          Conversion requires a second user-defined-conversion operator or constructor
                  C:\Program Files\Microsoft Visual Studio\18\Enterprise\VC\Tools\MSVC\14.50.35717\include\xstring(848,5):
                  or       'std::basic_string<char,std::char_traits<char>,std::allocator<char>>::basic_string(_Iter,_Iter,const _Alloc &)'
          with
          [
              _Alloc=std::allocator<char>
          ]
                  D:\USERS\MiraWelner\QTVI\QTVI-refactor\convert_uniform_bin\file_to_bin.cpp(288,26):
                  while trying to match the argument list '(const int)'
      C:\Program Files\Microsoft Visual Studio\18\Enterprise\VC\Tools\MSVC\14.50.35717\include\fstream(31,5):
      or       'std::basic_ifstream<char,std::char_traits<char>>::basic_ifstream(const char *,std::ios_base::openmode,int)'
          D:\USERS\MiraWelner\QTVI\QTVI-refactor\convert_uniform_bin\file_to_bin.cpp(288,25):
          'std::basic_ifstream<char,std::char_traits<char>>::basic_ifstream(const char *,std::ios_base::openmode,int)': cannot convert argument 1 from 'const int' to 'const char *'
              D:\USERS\MiraWelner\QTVI\QTVI-refactor\convert_uniform_bin\file_to_bin.cpp(288,26):
              Conversion from integral type to pointer type requires reinterpret_cast, C-style cast or parenthesized function-style cast
      C:\Program Files\Microsoft Visual Studio\18\Enterprise\VC\Tools\MSVC\14.50.35717\include\fstream(58,5):
      or       'std::basic_ifstream<char,std::char_traits<char>>::basic_ifstream(const _Ty &,std::ios_base::openmode,int)'
          D:\USERS\MiraWelner\QTVI\QTVI-refactor\convert_uniform_bin\file_to_bin.cpp(288,25):
          'std::basic_ifstream<char,std::char_traits<char>>::basic_ifstream(const _Ty &,std::ios_base::openmode,int)': could not deduce template argument for '__formal'
              C:\Program Files\Microsoft Visual Studio\18\Enterprise\VC\Tools\MSVC\14.50.35717\include\fstream(57,26):
              'std::enable_if_t<false,int>' : Failed to specialize alias template
      D:\USERS\MiraWelner\QTVI\QTVI-refactor\convert_uniform_bin\file_to_bin.cpp(288,25):
      while trying to match the argument list '(const int)'
  
D:\USERS\MiraWelner\QTVI\QTVI-refactor\convert_uniform_bin\file_to_bin.cpp(296,35): error C2065: 'tsColumnName': undeclared identifier
D:\USERS\MiraWelner\QTVI\QTVI-refactor\convert_uniform_bin\file_to_bin.cpp(342,50): error C2039: 'filesystem': is not a member of 'std'
      D:\USERS\MiraWelner\QTVI\QTVI-refactor\convert_uniform_bin\file_format_parsing\pugixml.hpp(1532,11):
      see declaration of 'std'
  
D:\USERS\MiraWelner\QTVI\QTVI-refactor\convert_uniform_bin\file_to_bin.cpp(342,50): error C3083: 'filesystem': the symbol to the left of a '::' must be a type
D:\USERS\MiraWelner\QTVI\QTVI-refactor\convert_uniform_bin\file_to_bin.cpp(342,62): error C2039: 'path': is not a member of 'std'
      D:\USERS\MiraWelner\QTVI\QTVI-refactor\convert_uniform_bin\file_format_parsing\pugixml.hpp(1532,11):
      see declaration of 'std'
  
D:\USERS\MiraWelner\QTVI\QTVI-refactor\convert_uniform_bin\file_to_bin.cpp(342,39): error C4430: missing type specifier - int assumed. Note: C++ does not support default-int
D:\USERS\MiraWelner\QTVI\QTVI-refactor\convert_uniform_bin\file_to_bin.cpp(342,66): error C2143: syntax error: missing ',' before '&'
D:\USERS\MiraWelner\QTVI\QTVI-refactor\convert_uniform_bin\file_to_bin.cpp(344,25): error C2665: 'std::basic_ifstream<char,std::char_traits<char>>::basic_ifstream': no overloaded function could convert all the argument types
      C:\Program Files\Microsoft Visual Studio\18\Enterprise\VC\Tools\MSVC\14.50.35717\include\fstream(62,5):
      could be 'std::basic_ifstream<char,std::char_traits<char>>::basic_ifstream(FILE *)'
          D:\USERS\MiraWelner\QTVI\QTVI-refactor\convert_uniform_bin\file_to_bin.cpp(344,25):
          'std::basic_ifstream<char,std::char_traits<char>>::basic_ifstream(FILE *)': cannot convert argument 1 from 'const int' to 'FILE *'
              D:\USERS\MiraWelner\QTVI\QTVI-refactor\convert_uniform_bin\file_to_bin.cpp(344,26):
              Conversion from integral type to pointer type requires reinterpret_cast, C-style cast or parenthesized function-style cast
      C:\Program Files\Microsoft Visual Studio\18\Enterprise\VC\Tools\MSVC\14.50.35717\include\fstream(53,5):
      or       'std::basic_ifstream<char,std::char_traits<char>>::basic_ifstream(const std::wstring &,std::ios_base::openmode,int)'
          D:\USERS\MiraWelner\QTVI\QTVI-refactor\convert_uniform_bin\file_to_bin.cpp(344,25):
          'std::basic_ifstream<char,std::char_traits<char>>::basic_ifstream(const std::wstring &,std::ios_base::openmode,int)': cannot convert argument 1 from 'const int' to 'const std::wstring &'
              D:\USERS\MiraWelner\QTVI\QTVI-refactor\convert_uniform_bin\file_to_bin.cpp(344,26):
              Reason: cannot convert from 'const int' to 'const std::wstring'
              D:\USERS\MiraWelner\QTVI\QTVI-refactor\convert_uniform_bin\file_to_bin.cpp(344,26):
              'std::basic_string<wchar_t,std::char_traits<wchar_t>,std::allocator<wchar_t>>::basic_string': no overloaded function could convert all the argument types
                  C:\Program Files\Microsoft Visual Studio\18\Enterprise\VC\Tools\MSVC\14.50.35717\include\xstring(818,5):
                  could be 'std::basic_string<wchar_t,std::char_traits<wchar_t>,std::allocator<wchar_t>>::basic_string(const _Elem *const )'
          with
          [
              _Elem=wchar_t
          ]
                      D:\USERS\MiraWelner\QTVI\QTVI-refactor\convert_uniform_bin\file_to_bin.cpp(344,26):
                      'std::basic_string<wchar_t,std::char_traits<wchar_t>,std::allocator<wchar_t>>::basic_string(const _Elem *const )': cannot convert argument 1 from 'const int' to 'const _Elem *const '
          with
          [
              _Elem=wchar_t
          ]
                          D:\USERS\MiraWelner\QTVI\QTVI-refactor\convert_uniform_bin\file_to_bin.cpp(344,26):
                          Conversion from integral type to pointer type requires reinterpret_cast, C-style cast or parenthesized function-style cast
                  C:\Program Files\Microsoft Visual Studio\18\Enterprise\VC\Tools\MSVC\14.50.35717\include\xstring(1390,5):
                  or       'std::basic_string<wchar_t,std::char_traits<wchar_t>,std::allocator<wchar_t>>::basic_string(std::initializer_list<_Elem>,const _Alloc &)'
          with
          [
              _Elem=wchar_t,
              _Alloc=std::allocator<wchar_t>
          ]
                      D:\USERS\MiraWelner\QTVI\QTVI-refactor\convert_uniform_bin\file_to_bin.cpp(344,26):
                      'std::basic_string<wchar_t,std::char_traits<wchar_t>,std::allocator<wchar_t>>::basic_string(std::initializer_list<_Elem>,const _Alloc &)': cannot convert argument 1 from 'const int' to 'std::initializer_list<_Elem>'
          with
          [
              _Elem=wchar_t,
              _Alloc=std::allocator<wchar_t>
          ]
          and
          [
              _Elem=wchar_t
          ]
                          D:\USERS\MiraWelner\QTVI\QTVI-refactor\convert_uniform_bin\file_to_bin.cpp(344,26):
                          Conversion requires a second user-defined-conversion operator or constructor
                  C:\Program Files\Microsoft Visual Studio\18\Enterprise\VC\Tools\MSVC\14.50.35717\include\xstring(848,5):
                  or       'std::basic_string<wchar_t,std::char_traits<wchar_t>,std::allocator<wchar_t>>::basic_string(_Iter,_Iter,const _Alloc &)'
          with
          [
              _Alloc=std::allocator<wchar_t>
          ]
                  D:\USERS\MiraWelner\QTVI\QTVI-refactor\convert_uniform_bin\file_to_bin.cpp(344,26):
                  while trying to match the argument list '(const int)'
      C:\Program Files\Microsoft Visual Studio\18\Enterprise\VC\Tools\MSVC\14.50.35717\include\fstream(44,5):
      or       'std::basic_ifstream<char,std::char_traits<char>>::basic_ifstream(const wchar_t *,std::ios_base::openmode,int)'
          D:\USERS\MiraWelner\QTVI\QTVI-refactor\convert_uniform_bin\file_to_bin.cpp(344,25):
          'std::basic_ifstream<char,std::char_traits<char>>::basic_ifstream(const wchar_t *,std::ios_base::openmode,int)': cannot convert argument 1 from 'const int' to 'const wchar_t *'
              D:\USERS\MiraWelner\QTVI\QTVI-refactor\convert_uniform_bin\file_to_bin.cpp(344,26):
              Conversion from integral type to pointer type requires reinterpret_cast, C-style cast or parenthesized function-style cast
      C:\Program Files\Microsoft Visual Studio\18\Enterprise\VC\Tools\MSVC\14.50.35717\include\fstream(40,5):
      or       'std::basic_ifstream<char,std::char_traits<char>>::basic_ifstream(const std::string &,std::ios_base::openmode,int)'
          D:\USERS\MiraWelner\QTVI\QTVI-refactor\convert_uniform_bin\file_to_bin.cpp(344,25):
          'std::basic_ifstream<char,std::char_traits<char>>::basic_ifstream(const std::string &,std::ios_base::openmode,int)': cannot convert argument 1 from 'const int' to 'const std::string &'
              D:\USERS\MiraWelner\QTVI\QTVI-refactor\convert_uniform_bin\file_to_bin.cpp(344,26):
              Reason: cannot convert from 'const int' to 'const std::string'
              D:\USERS\MiraWelner\QTVI\QTVI-refactor\convert_uniform_bin\file_to_bin.cpp(344,26):
              'std::basic_string<char,std::char_traits<char>,std::allocator<char>>::basic_string': no overloaded function could convert all the argument types
                  C:\Program Files\Microsoft Visual Studio\18\Enterprise\VC\Tools\MSVC\14.50.35717\include\xstring(818,5):
                  could be 'std::basic_string<char,std::char_traits<char>,std::allocator<char>>::basic_string(const _Elem *const )'
          with
          [
              _Elem=char
          ]
                      D:\USERS\MiraWelner\QTVI\QTVI-refactor\convert_uniform_bin\file_to_bin.cpp(344,26):
                      'std::basic_string<char,std::char_traits<char>,std::allocator<char>>::basic_string(const _Elem *const )': cannot convert argument 1 from 'const int' to 'const _Elem *const '
          with
          [
              _Elem=char
          ]
                          D:\USERS\MiraWelner\QTVI\QTVI-refactor\convert_uniform_bin\file_to_bin.cpp(344,26):
                          Conversion from integral type to pointer type requires reinterpret_cast, C-style cast or parenthesized function-style cast
                  C:\Program Files\Microsoft Visual Studio\18\Enterprise\VC\Tools\MSVC\14.50.35717\include\xstring(1390,5):
                  or       'std::basic_string<char,std::char_traits<char>,std::allocator<char>>::basic_string(std::initializer_list<_Elem>,const _Alloc &)'
          with
          [
              _Elem=char,
              _Alloc=std::allocator<char>
          ]
                      D:\USERS\MiraWelner\QTVI\QTVI-refactor\convert_uniform_bin\file_to_bin.cpp(344,26):
                      'std::basic_string<char,std::char_traits<char>,std::allocator<char>>::basic_string(std::initializer_list<_Elem>,const _Alloc &)': cannot convert argument 1 from 'const int' to 'std::initializer_list<_Elem>'
          with
          [
              _Elem=char,
              _Alloc=std::allocator<char>
          ]
          and
          [
              _Elem=char
          ]
                          D:\USERS\MiraWelner\QTVI\QTVI-refactor\convert_uniform_bin\file_to_bin.cpp(344,26):
                          Conversion requires a second user-defined-conversion operator or constructor
                  C:\Program Files\Microsoft Visual Studio\18\Enterprise\VC\Tools\MSVC\14.50.35717\include\xstring(848,5):
                  or       'std::basic_string<char,std::char_traits<char>,std::allocator<char>>::basic_string(_Iter,_Iter,const _Alloc &)'
          with
          [
              _Alloc=std::allocator<char>
          ]
                  D:\USERS\MiraWelner\QTVI\QTVI-refactor\convert_uniform_bin\file_to_bin.cpp(344,26):
                  while trying to match the argument list '(const int)'
      C:\Program Files\Microsoft Visual Studio\18\Enterprise\VC\Tools\MSVC\14.50.35717\include\fstream(31,5):
      or       'std::basic_ifstream<char,std::char_traits<char>>::basic_ifstream(const char *,std::ios_base::openmode,int)'
          D:\USERS\MiraWelner\QTVI\QTVI-refactor\convert_uniform_bin\file_to_bin.cpp(344,25):
          'std::basic_ifstream<char,std::char_traits<char>>::basic_ifstream(const char *,std::ios_base::openmode,int)': cannot convert argument 1 from 'const int' to 'const char *'
              D:\USERS\MiraWelner\QTVI\QTVI-refactor\convert_uniform_bin\file_to_bin.cpp(344,26):
              Conversion from integral type to pointer type requires reinterpret_cast, C-style cast or parenthesized function-style cast
      C:\Program Files\Microsoft Visual Studio\18\Enterprise\VC\Tools\MSVC\14.50.35717\include\fstream(58,5):
      or       'std::basic_ifstream<char,std::char_traits<char>>::basic_ifstream(const _Ty &,std::ios_base::openmode,int)'
          D:\USERS\MiraWelner\QTVI\QTVI-refactor\convert_uniform_bin\file_to_bin.cpp(344,25):
          'std::basic_ifstream<char,std::char_traits<char>>::basic_ifstream(const _Ty &,std::ios_base::openmode,int)': could not deduce template argument for '__formal'
              C:\Program Files\Microsoft Visual Studio\18\Enterprise\VC\Tools\MSVC\14.50.35717\include\fstream(57,26):
              'std::enable_if_t<false,int>' : Failed to specialize alias template
      D:\USERS\MiraWelner\QTVI\QTVI-refactor\convert_uniform_bin\file_to_bin.cpp(344,25):
      while trying to match the argument list '(const int)'
  
D:\USERS\MiraWelner\QTVI\QTVI-refactor\convert_uniform_bin\file_to_bin.cpp(580,10): error C2039: 'filesystem': is not a member of 'std'
      D:\USERS\MiraWelner\QTVI\QTVI-refactor\convert_uniform_bin\file_format_parsing\pugixml.hpp(1532,11):
      see declaration of 'std'
  
D:\USERS\MiraWelner\QTVI\QTVI-refactor\convert_uniform_bin\file_to_bin.cpp(580,10): error C3083: 'filesystem': the symbol to the left of a '::' must be a type
D:\USERS\MiraWelner\QTVI\QTVI-refactor\convert_uniform_bin\file_to_bin.cpp(580,22): error C2039: 'path': is not a member of 'std'
      D:\USERS\MiraWelner\QTVI\QTVI-refactor\convert_uniform_bin\file_format_parsing\pugixml.hpp(1532,11):
      see declaration of 'std'
  
D:\USERS\MiraWelner\QTVI\QTVI-refactor\convert_uniform_bin\file_to_bin.cpp(580,22): error C4430: missing type specifier - int assumed. Note: C++ does not support default-int
D:\USERS\MiraWelner\QTVI\QTVI-refactor\convert_uniform_bin\file_to_bin.cpp(580,27): error C2146: syntax error: missing ';' before identifier 'make_out_path'
D:\USERS\MiraWelner\QTVI\QTVI-refactor\convert_uniform_bin\file_to_bin.cpp(580,52): error C2039: 'filesystem': is not a member of 'std'
      D:\USERS\MiraWelner\QTVI\QTVI-refactor\convert_uniform_bin\file_format_parsing\pugixml.hpp(1532,11):
      see declaration of 'std'
  
D:\USERS\MiraWelner\QTVI\QTVI-refactor\convert_uniform_bin\file_to_bin.cpp(580,52): error C3083: 'filesystem': the symbol to the left of a '::' must be a type
D:\USERS\MiraWelner\QTVI\QTVI-refactor\convert_uniform_bin\file_to_bin.cpp(580,64): error C2039: 'path': is not a member of 'std'
      D:\USERS\MiraWelner\QTVI\QTVI-refactor\convert_uniform_bin\file_format_parsing\pugixml.hpp(1532,11):
      see declaration of 'std'
  
D:\USERS\MiraWelner\QTVI\QTVI-refactor\convert_uniform_bin\file_to_bin.cpp(582,5): error C2143: syntax error: missing ';' before '{'
D:\USERS\MiraWelner\QTVI\QTVI-refactor\convert_uniform_bin\file_to_bin.cpp(582,5): error C2447: '{': missing function header (old-style formal list?)
D:\USERS\MiraWelner\QTVI\QTVI-refactor\convert_uniform_bin\file_to_bin.cpp(592,10): error C2039: 'filesystem': is not a member of 'std'
      D:\USERS\MiraWelner\QTVI\QTVI-refactor\convert_uniform_bin\file_format_parsing\pugixml.hpp(1532,11):
      see declaration of 'std'
  
D:\USERS\MiraWelner\QTVI\QTVI-refactor\convert_uniform_bin\file_to_bin.cpp(592,10): error C3083: 'filesystem': the symbol to the left of a '::' must be a type
D:\USERS\MiraWelner\QTVI\QTVI-refactor\convert_uniform_bin\file_to_bin.cpp(592,22): error C2039: 'path': is not a member of 'std'
      D:\USERS\MiraWelner\QTVI\QTVI-refactor\convert_uniform_bin\file_format_parsing\pugixml.hpp(1532,11):
      see declaration of 'std'
  
D:\USERS\MiraWelner\QTVI\QTVI-refactor\convert_uniform_bin\file_to_bin.cpp(592,22): error C4430: missing type specifier - int assumed. Note: C++ does not support default-int
D:\USERS\MiraWelner\QTVI\QTVI-refactor\convert_uniform_bin\file_to_bin.cpp(592,22): error C2086: 'int `anonymous-namespace'::path': redefinition
      D:\USERS\MiraWelner\QTVI\QTVI-refactor\convert_uniform_bin\file_to_bin.cpp(580,22):
      see declaration of '`anonymous-namespace'::path'
  
D:\USERS\MiraWelner\QTVI\QTVI-refactor\convert_uniform_bin\file_to_bin.cpp(592,27): error C2146: syntax error: missing ';' before identifier 'findSleepXml'
D:\USERS\MiraWelner\QTVI\QTVI-refactor\convert_uniform_bin\file_to_bin.cpp(592,51): error C2039: 'filesystem': is not a member of 'std'
      D:\USERS\MiraWelner\QTVI\QTVI-refactor\convert_uniform_bin\file_format_parsing\pugixml.hpp(1532,11):
      see declaration of 'std'
  
D:\USERS\MiraWelner\QTVI\QTVI-refactor\convert_uniform_bin\file_to_bin.cpp(592,51): error C3083: 'filesystem': the symbol to the left of a '::' must be a type
D:\USERS\MiraWelner\QTVI\QTVI-refactor\convert_uniform_bin\file_to_bin.cpp(592,63): error C2039: 'path': is not a member of 'std'
      D:\USERS\MiraWelner\QTVI\QTVI-refactor\convert_uniform_bin\file_format_parsing\pugixml.hpp(1532,11):
      see declaration of 'std'
  
D:\USERS\MiraWelner\QTVI\QTVI-refactor\convert_uniform_bin\file_to_bin.cpp(593,38): error C2143: syntax error: missing ';' before '{'
D:\USERS\MiraWelner\QTVI\QTVI-refactor\convert_uniform_bin\file_to_bin.cpp(593,38): error C2447: '{': missing function header (old-style formal list?)
D:\USERS\MiraWelner\QTVI\QTVI-refactor\convert_uniform_bin\file_to_bin.cpp(614,34): error C2039: 'filesystem': is not a member of 'std'
      D:\USERS\MiraWelner\QTVI\QTVI-refactor\convert_uniform_bin\file_format_parsing\pugixml.hpp(1532,11):
      see declaration of 'std'
  
D:\USERS\MiraWelner\QTVI\QTVI-refactor\convert_uniform_bin\file_to_bin.cpp(614,34): error C3083: 'filesystem': the symbol to the left of a '::' must be a type
D:\USERS\MiraWelner\QTVI\QTVI-refactor\convert_uniform_bin\file_to_bin.cpp(614,46): error C2872: 'path': ambiguous symbol
      D:\USERS\MiraWelner\QTVI\QTVI-refactor\convert_uniform_bin\file_to_bin.hpp(106,18):
      could be 'int path'
      D:\USERS\MiraWelner\QTVI\QTVI-refactor\convert_uniform_bin\file_to_bin.cpp(580,22):
      or       'int `anonymous-namespace'::path'
  
D:\USERS\MiraWelner\QTVI\QTVI-refactor\convert_uniform_bin\file_to_bin.cpp(614,46): error C2039: 'path': is not a member of 'std'
      D:\USERS\MiraWelner\QTVI\QTVI-refactor\convert_uniform_bin\file_format_parsing\pugixml.hpp(1532,11):
      see declaration of 'std'
  
D:\USERS\MiraWelner\QTVI\QTVI-refactor\convert_uniform_bin\file_to_bin.cpp(614,23): error C4430: missing type specifier - int assumed. Note: C++ does not support default-int
D:\USERS\MiraWelner\QTVI\QTVI-refactor\convert_uniform_bin\file_to_bin.cpp(614,50): error C2143: syntax error: missing ',' before '&'
D:\USERS\MiraWelner\QTVI\QTVI-refactor\convert_uniform_bin\file_to_bin.cpp(616,10): error C2039: 'filesystem': is not a member of 'std'
      D:\USERS\MiraWelner\QTVI\QTVI-refactor\convert_uniform_bin\file_format_parsing\pugixml.hpp(1532,11):
      see declaration of 'std'
  
D:\USERS\MiraWelner\QTVI\QTVI-refactor\convert_uniform_bin\file_to_bin.cpp(616,10): error C3083: 'filesystem': the symbol to the left of a '::' must be a type
D:\USERS\MiraWelner\QTVI\QTVI-refactor\convert_uniform_bin\file_to_bin.cpp(616,22): error C2039: 'path': is not a member of 'std'
      D:\USERS\MiraWelner\QTVI\QTVI-refactor\convert_uniform_bin\file_format_parsing\pugixml.hpp(1532,11):
      see declaration of 'std'
  
D:\USERS\MiraWelner\QTVI\QTVI-refactor\convert_uniform_bin\file_to_bin.cpp(616,27): error C2146: syntax error: missing ';' before identifier 'outPath'
D:\USERS\MiraWelner\QTVI\QTVI-refactor\convert_uniform_bin\file_to_bin.cpp(616,27): error C2065: 'outPath': undeclared identifier
D:\USERS\MiraWelner\QTVI\QTVI-refactor\convert_uniform_bin\file_to_bin.cpp(616,57): error C2065: 'cfg': undeclared identifier
D:\USERS\MiraWelner\QTVI\QTVI-refactor\convert_uniform_bin\file_to_bin.cpp(616,37): error C3861: 'make_out_path': identifier not found
D:\USERS\MiraWelner\QTVI\QTVI-refactor\convert_uniform_bin\file_to_bin.cpp(621,14): error C2065: 'outPath': undeclared identifier
D:\USERS\MiraWelner\QTVI\QTVI-refactor\convert_uniform_bin\file_to_bin.cpp(623,49): error C2065: 'outPath': undeclared identifier
D:\USERS\MiraWelner\QTVI\QTVI-refactor\convert_uniform_bin\file_to_bin.cpp(635,14): error C2039: 'filesystem': is not a member of 'std'
      D:\USERS\MiraWelner\QTVI\QTVI-refactor\convert_uniform_bin\file_format_parsing\pugixml.hpp(1532,11):
      see declaration of 'std'
  
D:\USERS\MiraWelner\QTVI\QTVI-refactor\convert_uniform_bin\file_to_bin.cpp(635,14): error C3083: 'filesystem': the symbol to the left of a '::' must be a type
D:\USERS\MiraWelner\QTVI\QTVI-refactor\convert_uniform_bin\file_to_bin.cpp(635,33): error C2065: 'outPath': undeclared identifier
D:\USERS\MiraWelner\QTVI\QTVI-refactor\convert_uniform_bin\file_to_bin.cpp(639,60): error C2065: 'cfg': undeclared identifier
D:\USERS\MiraWelner\QTVI\QTVI-refactor\convert_uniform_bin\file_to_bin.cpp(648,26): error C2065: 'cfg': undeclared identifier
D:\USERS\MiraWelner\QTVI\QTVI-refactor\convert_uniform_bin\file_to_bin.cpp(649,15): error C2065: 'cfg': undeclared identifier
D:\USERS\MiraWelner\QTVI\QTVI-refactor\convert_uniform_bin\file_to_bin.cpp(655,55): error C2065: 'cfg': undeclared identifier
D:\USERS\MiraWelner\QTVI\QTVI-refactor\convert_uniform_bin\file_to_bin.cpp(655,9): error C2660: '`anonymous-namespace'::write_synthetic_timestamp': function does not take 6 arguments
      D:\USERS\MiraWelner\QTVI\QTVI-refactor\convert_uniform_bin\file_to_bin.cpp(458,10):
      see declaration of '`anonymous-namespace'::write_synthetic_timestamp'
      D:\USERS\MiraWelner\QTVI\QTVI-refactor\convert_uniform_bin\file_to_bin.cpp(655,9):
      while trying to match the argument list '(std::ofstream, double, double, uint32_t, uint32_t, float)'
  
D:\USERS\MiraWelner\QTVI\QTVI-refactor\convert_uniform_bin\file_to_bin.cpp(673,49): error C2065: 'cfg': undeclared identifier
D:\USERS\MiraWelner\QTVI\QTVI-refactor\convert_uniform_bin\file_to_bin.cpp(673,9): error C2660: '`anonymous-namespace'::edf_to_bin': function does not take 8 arguments
      D:\USERS\MiraWelner\QTVI\QTVI-refactor\convert_uniform_bin\file_to_bin.cpp(424,10):
      see declaration of '`anonymous-namespace'::edf_to_bin'
      D:\USERS\MiraWelner\QTVI\QTVI-refactor\convert_uniform_bin\file_to_bin.cpp(673,9):
      while trying to match the argument list '(int, int, __int64, double, std::ofstream, uint32_t, uint32_t, float)'
  
D:\USERS\MiraWelner\QTVI\QTVI-refactor\convert_uniform_bin\file_to_bin.cpp(679,27): error C2065: 'cfg': undeclared identifier
D:\USERS\MiraWelner\QTVI\QTVI-refactor\convert_uniform_bin\file_to_bin.cpp(680,27): error C2065: 'cfg': undeclared identifier
D:\USERS\MiraWelner\QTVI\QTVI-refactor\convert_uniform_bin\file_to_bin.cpp(681,27): error C2065: 'cfg': undeclared identifier
D:\USERS\MiraWelner\QTVI\QTVI-refactor\convert_uniform_bin\file_to_bin.cpp(682,26): error C2065: 'cfg': undeclared identifier
D:\USERS\MiraWelner\QTVI\QTVI-refactor\convert_uniform_bin\file_to_bin.cpp(728,42): error C2065: 'cfg': undeclared identifier
D:\USERS\MiraWelner\QTVI\QTVI-refactor\convert_uniform_bin\file_to_bin.cpp(728,23): error C3861: 'findSleepXml': identifier not found
D:\USERS\MiraWelner\QTVI\QTVI-refactor\convert_uniform_bin\file_to_bin.cpp(731,10): error C2065: 'cfg': undeclared identifier
D:\USERS\MiraWelner\QTVI\QTVI-refactor\convert_uniform_bin\file_to_bin.cpp(732,17): error C2039: 'filesystem': is not a member of 'std'
      D:\USERS\MiraWelner\QTVI\QTVI-refactor\convert_uniform_bin\file_format_parsing\pugixml.hpp(1532,11):
      see declaration of 'std'
  
D:\USERS\MiraWelner\QTVI\QTVI-refactor\convert_uniform_bin\file_to_bin.cpp(732,17): error C3083: 'filesystem': the symbol to the left of a '::' must be a type
D:\USERS\MiraWelner\QTVI\QTVI-refactor\convert_uniform_bin\file_to_bin.cpp(732,29): error C2039: 'exists': is not a member of 'std'
      D:\USERS\MiraWelner\QTVI\QTVI-refactor\convert_uniform_bin\file_format_parsing\pugixml.hpp(1532,11):
      see declaration of 'std'
  
D:\USERS\MiraWelner\QTVI\QTVI-refactor\convert_uniform_bin\file_to_bin.cpp(732,29): error C3861: 'exists': identifier not found
D:\USERS\MiraWelner\QTVI\QTVI-refactor\convert_uniform_bin\file_to_bin.cpp(746,33): error C2065: 'cfg': undeclared identifier
D:\USERS\MiraWelner\QTVI\QTVI-refactor\convert_uniform_bin\file_to_bin.cpp(746,5): error C2660: '`anonymous-namespace'::write_header_and_close': function does not take 5 arguments
      D:\USERS\MiraWelner\QTVI\QTVI-refactor\convert_uniform_bin\file_to_bin.cpp(487,10):
      see declaration of '`anonymous-namespace'::write_header_and_close'
      D:\USERS\MiraWelner\QTVI\QTVI-refactor\convert_uniform_bin\file_to_bin.cpp(746,5):
      while trying to match the argument list '(std::ofstream, uint32_t [40], uint32_t [40], float [40], uint32_t)'
  
D:\USERS\MiraWelner\QTVI\QTVI-refactor\convert_uniform_bin\file_to_bin.cpp(750,34): error C2039: 'filesystem': is not a member of 'std'
      D:\USERS\MiraWelner\QTVI\QTVI-refactor\convert_uniform_bin\file_format_parsing\pugixml.hpp(1532,11):
      see declaration of 'std'
  
D:\USERS\MiraWelner\QTVI\QTVI-refactor\convert_uniform_bin\file_to_bin.cpp(750,34): error C3083: 'filesystem': the symbol to the left of a '::' must be a type
D:\USERS\MiraWelner\QTVI\QTVI-refactor\convert_uniform_bin\file_to_bin.cpp(750,46): error C2872: 'path': ambiguous symbol
      D:\USERS\MiraWelner\QTVI\QTVI-refactor\convert_uniform_bin\file_to_bin.hpp(106,18):
      could be 'int path'
      D:\USERS\MiraWelner\QTVI\QTVI-refactor\convert_uniform_bin\file_to_bin.cpp(580,22):
      or       'int `anonymous-namespace'::path'
  
D:\USERS\MiraWelner\QTVI\QTVI-refactor\convert_uniform_bin\file_to_bin.cpp(750,46): error C2039: 'path': is not a member of 'std'
      D:\USERS\MiraWelner\QTVI\QTVI-refactor\convert_uniform_bin\file_format_parsing\pugixml.hpp(1532,11):
      see declaration of 'std'
  
D:\USERS\MiraWelner\QTVI\QTVI-refactor\convert_uniform_bin\file_to_bin.cpp(750,23): error C4430: missing type specifier - int assumed. Note: C++ does not support default-int
D:\USERS\MiraWelner\QTVI\QTVI-refactor\convert_uniform_bin\file_to_bin.cpp(750,50): error C2143: syntax error: missing ',' before '&'
D:\USERS\MiraWelner\QTVI\QTVI-refactor\convert_uniform_bin\file_to_bin.cpp(753,10): error C2039: 'filesystem': is not a member of 'std'
      D:\USERS\MiraWelner\QTVI\QTVI-refactor\convert_uniform_bin\file_format_parsing\pugixml.hpp(1532,11):
      see declaration of 'std'
  
D:\USERS\MiraWelner\QTVI\QTVI-refactor\convert_uniform_bin\file_to_bin.cpp(753,10): error C3083: 'filesystem': the symbol to the left of a '::' must be a type
D:\USERS\MiraWelner\QTVI\QTVI-refactor\convert_uniform_bin\file_to_bin.cpp(753,22): error C2039: 'path': is not a member of 'std'
      D:\USERS\MiraWelner\QTVI\QTVI-refactor\convert_uniform_bin\file_format_parsing\pugixml.hpp(1532,11):
      see declaration of 'std'
  
D:\USERS\MiraWelner\QTVI\QTVI-refactor\convert_uniform_bin\file_to_bin.cpp(753,27): error C2146: syntax error: missing ';' before identifier 'outPath'
D:\USERS\MiraWelner\QTVI\QTVI-refactor\convert_uniform_bin\file_to_bin.cpp(753,27): error C2065: 'outPath': undeclared identifier
D:\USERS\MiraWelner\QTVI\QTVI-refactor\convert_uniform_bin\file_to_bin.cpp(753,27): error C1003: error count exceeds 100; stopping compilation
  Generating Code...
