d:\users\mirawelner\qtvi\qtvi-refactor\qtvi_template_marking\qtvi_tem.7df67569\x64\release\template_marking.obj
d:\users\mirawelner\qtvi\qtvi-refactor\qtvi_template_marking\qtvi_tem.7df67569\x64\release\template_io.obj
d:\users\mirawelner\qtvi\qtvi-refactor\qtvi_template_marking\qtvi_tem.7df67569\x64\release\config_loader.obj
d:\users\mirawelner\qtvi\qtvi-refactor\qtvi_template_marking\qtvi_tem.7df67569\x64\release\templateviewerwindow.obj
d:\users\mirawelner\qtvi\qtvi-refactor\qtvi_template_marking\qtvi_tem.7df67569\x64\release\binplotwidget.obj
d:\users\mirawelner\qtvi\qtvi-refactor\qtvi_template_marking\qtvi_tem.7df67569\x64\release\vc145.pdb
d:\users\mirawelner\qtvi\qtvi-refactor\qtvi_template_marking\qtvi_tem.7df67569\x64\release\moc_templatefilename.obj
d:\users\mirawelner\qtvi\qtvi-refactor\qtvi_template_marking\qtvi_tem.7df67569\x64\release\moc_markers_automatic_position.obj
d:\users\mirawelner\qtvi\qtvi-refactor\qtvi_template_marking\qtvi_tem.7df67569\x64\release\moc_config_loader.obj
d:\users\mirawelner\qtvi\qtvi-refactor\qtvi_template_marking\qtvi_tem.7df67569\x64\release\moc_binplotwidget.obj
d:\users\mirawelner\qtvi\qtvi-refactor\qtvi_template_marking\qtvi_tem.7df67569\x64\release\moc_config_entry.obj
d:\users\mirawelner\qtvi\qtvi-refactor\qtvi_template_marking\qtvi_tem.7df67569\x64\release\moc_templateviewerwindow.obj
d:\users\mirawelner\qtvi\qtvi-refactor\qtvi_template_marking\x64\release\qtvi_template_marking.exe
d:\users\mirawelner\qtvi\qtvi-refactor\qtvi_template_marking\x64\release\qtvi_template_marking.pdb
d:\users\mirawelner\qtvi\qtvi-refactor\qtvi_template_marking\qtvi_tem.7df67569\x64\release\qt\moc\moc_binplotwidget.cpp
d:\users\mirawelner\qtvi\qtvi-refactor\qtvi_template_marking\qtvi_tem.7df67569\x64\release\qt\moc\moc_templateviewerwindow.cpp
d:\users\mirawelner\qtvi\qtvi-refactor\qtvi_template_marking\qtvi_tem.7df67569\x64\release\qt\uic\ui_templateviewerwindow.h
d:\users\mirawelner\qtvi\qtvi-refactor\qtvi_template_marking\qtvi_tem.7df67569\x64\release\qt\moc\moc_config_entry.cpp
d:\users\mirawelner\qtvi\qtvi-refactor\qtvi_template_marking\qtvi_tem.7df67569\x64\release\qt\moc\moc_config_loader.cpp
d:\users\mirawelner\qtvi\qtvi-refactor\qtvi_template_marking\qtvi_tem.7df67569\x64\release\qt\moc\moc_markers_automatic_position.cpp
d:\users\mirawelner\qtvi\qtvi-refactor\qtvi_template_marking\qtvi_tem.7df67569\x64\release\qt\moc\moc_templatebinio.cpp
d:\users\mirawelner\qtvi\qtvi-refactor\qtvi_template_marking\qtvi_tem.7df67569\x64\release\qt\moc\moc_templatefilename.cpp
d:\users\mirawelner\qtvi\qtvi-refactor\qtvi_template_marking\qtvi_tem.7df67569\x64\release\qt\moc\moc_template_io.cpp
d:\users\mirawelner\qtvi\qtvi-refactor\qtvi_template_marking\qtvi_tem.7df67569\x64\release\moc_templatebinio.obj
d:\users\mirawelner\qtvi\qtvi-refactor\qtvi_template_marking\qtvi_tem.7df67569\x64\release\moc_template_io.obj
d:\users\mirawelner\qtvi\qtvi-refactor\qtvi_template_marking\qtvi_tem.7df67569\x64\release\qtvi_tem.7df67569.tlog\cl.command.1.tlog
d:\users\mirawelner\qtvi\qtvi-refactor\qtvi_template_marking\qtvi_tem.7df67569\x64\release\qtvi_tem.7df67569.tlog\cl.items.tlog
d:\users\mirawelner\qtvi\qtvi-refactor\qtvi_template_marking\qtvi_tem.7df67569\x64\release\qtvi_tem.7df67569.tlog\cl.read.1.tlog
d:\users\mirawelner\qtvi\qtvi-refactor\qtvi_template_marking\qtvi_tem.7df67569\x64\release\qtvi_tem.7df67569.tlog\cl.write.1.tlog
d:\users\mirawelner\qtvi\qtvi-refactor\qtvi_template_marking\qtvi_tem.7df67569\x64\release\qtvi_tem.7df67569.tlog\link.command.1.tlog
d:\users\mirawelner\qtvi\qtvi-refactor\qtvi_template_marking\qtvi_tem.7df67569\x64\release\qtvi_tem.7df67569.tlog\link.read.1.tlog
d:\users\mirawelner\qtvi\qtvi-refactor\qtvi_template_marking\qtvi_tem.7df67569\x64\release\qtvi_tem.7df67569.tlog\link.secondary.1.tlog
d:\users\mirawelner\qtvi\qtvi-refactor\qtvi_template_marking\qtvi_tem.7df67569\x64\release\qtvi_tem.7df67569.tlog\link.write.1.tlog
d:\users\mirawelner\qtvi\qtvi-refactor\qtvi_template_marking\qtvi_tem.7df67569\x64\release\qtvi_tem.7df67569.tlog\moc.read.1u.tlog
d:\users\mirawelner\qtvi\qtvi-refactor\qtvi_template_marking\qtvi_tem.7df67569\x64\release\qtvi_tem.7df67569.tlog\moc.write.1u.tlog
d:\users\mirawelner\qtvi\qtvi-refactor\qtvi_template_marking\qtvi_tem.7df67569\x64\release\qtvi_tem.7df67569.tlog\qtvi_template_marking.write.1u.tlog
d:\users\mirawelner\qtvi\qtvi-refactor\qtvi_template_marking\qtvi_tem.7df67569\x64\release\qtvi_tem.7df67569.tlog\uic.read.1u.tlog
d:\users\mirawelner\qtvi\qtvi-refactor\qtvi_template_marking\qtvi_tem.7df67569\x64\release\qtvi_tem.7df67569.tlog\uic.write.1u.tlog
