d:\users\mirawelner\qtvi\qtvi-refactor\noise_marking_gui\noise_ma.7588209c\x64\release\noise_marking_gui.obj
d:\users\mirawelner\qtvi\qtvi-refactor\noise_marking_gui\noise_ma.7588209c\x64\release\gui_handler.obj
d:\users\mirawelner\qtvi\qtvi-refactor\noise_marking_gui\noise_ma.7588209c\x64\release\file_to_bin.obj
d:\users\mirawelner\qtvi\qtvi-refactor\noise_marking_gui\noise_ma.7588209c\x64\release\template_io.obj
d:\users\mirawelner\qtvi\qtvi-refactor\noise_marking_gui\noise_ma.7588209c\x64\release\config_loader.obj
d:\users\mirawelner\qtvi\qtvi-refactor\noise_marking_gui\noise_ma.7588209c\x64\release\anneal_handler.obj
d:\users\mirawelner\qtvi\qtvi-refactor\noise_marking_gui\noise_ma.7588209c\x64\release\noise_manager.obj
d:\users\mirawelner\qtvi\qtvi-refactor\noise_marking_gui\noise_ma.7588209c\x64\release\user_control_handler.obj
d:\users\mirawelner\qtvi\qtvi-refactor\noise_marking_gui\noise_ma.7588209c\x64\release\vc145.pdb
d:\users\mirawelner\qtvi\qtvi-refactor\noise_marking_gui\noise_ma.7588209c\x64\release\moc_gui_handler.obj
d:\users\mirawelner\qtvi\qtvi-refactor\noise_marking_gui\noise_ma.7588209c\x64\release\moc_user_control_handler.obj
d:\users\mirawelner\qtvi\qtvi-refactor\noise_marking_gui\noise_ma.7588209c\x64\release\qt\moc\moc_gui_handler.cpp
d:\users\mirawelner\qtvi\qtvi-refactor\noise_marking_gui\noise_ma.7588209c\x64\release\qt\uic\ui_noise_marking_gui.h
d:\users\mirawelner\qtvi\qtvi-refactor\noise_marking_gui\noise_ma.7588209c\x64\release\qt\moc\moc_user_control_handler.cpp
d:\users\mirawelner\qtvi\qtvi-refactor\noise_marking_gui\noise_ma.7588209c\x64\release\qt\moc\gui_handler.moc
d:\users\mirawelner\qtvi\qtvi-refactor\noise_marking_gui\noise_ma.7588209c\x64\release\noise_marking_gui.ipdb
d:\users\mirawelner\qtvi\qtvi-refactor\noise_marking_gui\noise_ma.7588209c\x64\release\noise_marking_gui.iobj
d:\users\mirawelner\qtvi\qtvi-refactor\noise_marking_gui\noise_ma.7588209c\x64\release\edflib.obj
d:\users\mirawelner\qtvi\qtvi-refactor\noise_marking_gui\noise_ma.7588209c\x64\release\pugixml.obj
d:\users\mirawelner\qtvi\qtvi-refactor\noise_marking_gui\x64\release\noise_marking_gui.exe
d:\users\mirawelner\qtvi\qtvi-refactor\noise_marking_gui\noise_ma.7588209c\x64\release\noise_ma.7588209c.tlog\cl.command.1.tlog
d:\users\mirawelner\qtvi\qtvi-refactor\noise_marking_gui\noise_ma.7588209c\x64\release\noise_ma.7588209c.tlog\cl.items.tlog
d:\users\mirawelner\qtvi\qtvi-refactor\noise_marking_gui\noise_ma.7588209c\x64\release\noise_ma.7588209c.tlog\cl.read.1.tlog
d:\users\mirawelner\qtvi\qtvi-refactor\noise_marking_gui\noise_ma.7588209c\x64\release\noise_ma.7588209c.tlog\cl.write.1.tlog
d:\users\mirawelner\qtvi\qtvi-refactor\noise_marking_gui\noise_ma.7588209c\x64\release\noise_ma.7588209c.tlog\link.command.1.tlog
d:\users\mirawelner\qtvi\qtvi-refactor\noise_marking_gui\noise_ma.7588209c\x64\release\noise_ma.7588209c.tlog\link.read.1.tlog
d:\users\mirawelner\qtvi\qtvi-refactor\noise_marking_gui\noise_ma.7588209c\x64\release\noise_ma.7588209c.tlog\link.secondary.1.tlog
d:\users\mirawelner\qtvi\qtvi-refactor\noise_marking_gui\noise_ma.7588209c\x64\release\noise_ma.7588209c.tlog\link.write.1.tlog
d:\users\mirawelner\qtvi\qtvi-refactor\noise_marking_gui\noise_ma.7588209c\x64\release\noise_ma.7588209c.tlog\moc.read.1u.tlog
d:\users\mirawelner\qtvi\qtvi-refactor\noise_marking_gui\noise_ma.7588209c\x64\release\noise_ma.7588209c.tlog\moc.write.1u.tlog
d:\users\mirawelner\qtvi\qtvi-refactor\noise_marking_gui\noise_ma.7588209c\x64\release\noise_ma.7588209c.tlog\noise_marking_gui.write.1u.tlog
d:\users\mirawelner\qtvi\qtvi-refactor\noise_marking_gui\noise_ma.7588209c\x64\release\noise_ma.7588209c.tlog\uic.read.1u.tlog
d:\users\mirawelner\qtvi\qtvi-refactor\noise_marking_gui\noise_ma.7588209c\x64\release\noise_ma.7588209c.tlog\uic.write.1u.tlog
